
> my-v0-project@0.1.0 build
> next build

   ▲ Next.js 16.0.0 (Turbopack)
   - Experiments (use with caution):
     · clientTraceMetadata

 ⚠ The "middleware" file convention is deprecated. Please use "proxy" instead. Learn more: https://nextjs.org/docs/messages/middleware-to-proxy
   Creating an optimized production build ...

> Build error occurred
Error: Turbopack build failed with 31 errors:
./app/api/v1/properties/[propertyId]/sites/bulk/route.ts:23:1
Export CreateSiteCommand doesn't exist in target module
[0m [90m 21 |[39m [36mimport[39m { [33mERROR_CODES[39m } [36mfrom[39m [32m'@/lib/api/errors'[39m
 [90m 22 |[39m [36mimport[39m { [33mCreateSiteRequestSchema[39m[33m,[39m type [33mCreateSiteRequest[39m } [36mfrom[39m [32m'@/types/api/v1/schemas/sites'[39m
[31m[1m>[22m[39m[90m 23 |[39m [36mimport[39m { [33mCreateSiteCommand[39m } [36mfrom[39m [32m'@/modules/SiteManagement/application/commands/CreateSiteCommand'[39m
 [90m    |[39m [31m[1m^[22m[39m[31m[1m^[22m[39m[31m[1m^[22m[39m[31m[1m^[22m[39m[31m[1m^[22m[39m[31m[1m^[22m[39m[31m[1m^[22m[39m[31m[1m^[22m[39m[31m[1m^[22m[39m[31m[1m^[22m[39m[31m[1m^[22m[39m[31m[1m^[22m[39m[31m[1m^[22m[39m[31m[1m^[22m[39m[31m[1m^[22m[39m[31m[1m^[22m[39m[31m[1m^[22m[39m[31m[1m^[22m[39m[31m[1m^[22m[39m[31m[1m^[22m[39m[31m[1m^[22m[39m[31m[1m^[22m[39m[31m[1m^[22m[39m[31m[1m^[22m[39m[31m[1m^[22m[39m[31m[1m^[22m[39m[31m[1m^[22m[39m[31m[1m^[22m[39m[31m[1m^[22m[39m[31m[1m^[22m[39m[31m[1m^[22m[39m[31m[1m^[22m[39m[31m[1m^[22m[39m[31m[1m^[22m[39m[31m[1m^[22m[39m[31m[1m^[22m[39m[31m[1m^[22m[39m[31m[1m^[22m[39m[31m[1m^[22m[39m[31m[1m^[22m[39m[31m[1m^[22m[39m[31m[1m^[22m[39m[31m[1m^[22m[39m[31m[1m^[22m[39m[31m[1m^[22m[39m[31m[1m^[22m[39m[31m[1m^[22m[39m[31m[1m^[22m[39m[31m[1m^[22m[39m[31m[1m^[22m[39m[31m[1m^[22m[39m[31m[1m^[22m[39m[31m[1m^[22m[39m[31m[1m^[22m[39m[31m[1m^[22m[39m[31m[1m^[22m[39m[31m[1m^[22m[39m[31m[1m^[22m[39m[31m[1m^[22m[39m[31m[1m^[22m[39m[31m[1m^[22m[39m[31m[1m^[22m[39m[31m[1m^[22m[39m[31m[1m^[22m[39m[31m[1m^[22m[39m[31m[1m^[22m[39m[31m[1m^[22m[39m[31m[1m^[22m[39m[31m[1m^[22m[39m[31m[1m^[22m[39m[31m[1m^[22m[39m[31m[1m^[22m[39m[31m[1m^[22m[39m[31m[1m^[22m[39m[31m[1m^[22m[39m[31m[1m^[22m[39m[31m[1m^[22m[39m[31m[1m^[22m[39m[31m[1m^[22m[39m[31m[1m^[22m[39m[31m[1m^[22m[39m[31m[1m^[22m[39m[31m[1m^[22m[39m[31m[1m^[22m[39m[31m[1m^[22m[39m[31m[1m^[22m[39m[31m[1m^[22m[39m[31m[1m^[22m[39m[31m[1m^[22m[39m[31m[1m^[22m[39m[31m[1m^[22m[39m[31m[1m^[22m[39m[31m[1m^[22m[39m[31m[1m^[22m[39m[31m[1m^[22m[39m[31m[1m^[22m[39m[31m[1m^[22m[39m[31m[1m^[22m[39m[31m[1m^[22m[39m
 [90m 24 |[39m [36mimport[39m { [33mSupabaseSiteRepository[39m } [36mfrom[39m [32m'@/modules/SiteManagement/infrastructure/SupabaseSiteRepository'[39m
 [90m 25 |[39m [36mimport[39m { [33mInMemoryEventBus[39m } [36mfrom[39m [32m'@/shared/infrastructure/eventBus/InMemoryEventBus'[39m
 [90m 26 |[39m [36mimport[39m { [33mSupabaseContext[39m } [36mfrom[39m [32m'@/shared/infrastructure/database/SupabaseContext'[39m[0m

The export CreateSiteCommand was not found in module [project]/src/modules/SiteManagement/application/commands/CreateSiteCommand.ts [app-route] (ecmascript).
Did you mean to import CreateSiteCommandHandler?
All exports of the module are statically known (It doesn't have dynamic exports). So it's known statically that the requested export doesn't exist.

Import trace:
  App Route:
    ./app/api/v1/properties/[propertyId]/sites/bulk/route.ts
    ./node_modules/@sentry/nextjs/build/cjs/config/withSentryConfig.js
    ./node_modules/@sentry/nextjs/build/cjs/index.server.js
    ./app/api/admin/sites/[id]/reservations/route.ts


./app/api/v1/properties/[propertyId]/sites/route.ts:34:1
Export CreateSiteCommand doesn't exist in target module
[0m [90m 32 |[39m } [36mfrom[39m [32m'@/types/api/v1/schemas/sites'[39m
 [90m 33 |[39m [36mimport[39m { [33mListSitesQuery[39m [36mas[39m [33mListSitesQueryHandler[39m } [36mfrom[39m [32m'@/modules/SiteManagement/application/queries/ListSitesQuery'[39m
[31m[1m>[22m[39m[90m 34 |[39m [36mimport[39m { [33mCreateSiteCommand[39m } [36mfrom[39m [32m'@/modules/SiteManagement/application/commands/CreateSiteCommand'[39m
 [90m    |[39m [31m[1m^[22m[39m[31m[1m^[22m[39m[31m[1m^[22m[39m[31m[1m^[22m[39m[31m[1m^[22m[39m[31m[1m^[22m[39m[31m[1m^[22m[39m[31m[1m^[22m[39m[31m[1m^[22m[39m[31m[1m^[22m[39m[31m[1m^[22m[39m[31m[1m^[22m[39m[31m[1m^[22m[39m[31m[1m^[22m[39m[31m[1m^[22m[39m[31m[1m^[22m[39m[31m[1m^[22m[39m[31m[1m^[22m[39m[31m[1m^[22m[39m[31m[1m^[22m[39m[31m[1m^[22m[39m[31m[1m^[22m[39m[31m[1m^[22m[39m[31m[1m^[22m[39m[31m[1m^[22m[39m[31m[1m^[22m[39m[31m[1m^[22m[39m[31m[1m^[22m[39m[31m[1m^[22m[39m[31m[1m^[22m[39m[31m[1m^[22m[39m[31m[1m^[22m[39m[31m[1m^[22m[39m[31m[1m^[22m[39m[31m[1m^[22m[39m[31m[1m^[22m[39m[31m[1m^[22m[39m[31m[1m^[22m[39m[31m[1m^[22m[39m[31m[1m^[22m[39m[31m[1m^[22m[39m[31m[1m^[22m[39m[31m[1m^[22m[39m[31m[1m^[22m[39m[31m[1m^[22m[39m[31m[1m^[22m[39m[31m[1m^[22m[39m[31m[1m^[22m[39m[31m[1m^[22m[39m[31m[1m^[22m[39m[31m[1m^[22m[39m[31m[1m^[22m[39m[31m[1m^[22m[39m[31m[1m^[22m[39m[31m[1m^[22m[39m[31m[1m^[22m[39m[31m[1m^[22m[39m[31m[1m^[22m[39m[31m[1m^[22m[39m[31m[1m^[22m[39m[31m[1m^[22m[39m[31m[1m^[22m[39m[31m[1m^[22m[39m[31m[1m^[22m[39m[31m[1m^[22m[39m[31m[1m^[22m[39m[31m[1m^[22m[39m[31m[1m^[22m[39m[31m[1m^[22m[39m[31m[1m^[22m[39m[31m[1m^[22m[39m[31m[1m^[22m[39m[31m[1m^[22m[39m[31m[1m^[22m[39m[31m[1m^[22m[39m[31m[1m^[22m[39m[31m[1m^[22m[39m[31m[1m^[22m[39m[31m[1m^[22m[39m[31m[1m^[22m[39m[31m[1m^[22m[39m[31m[1m^[22m[39m[31m[1m^[22m[39m[31m[1m^[22m[39m[31m[1m^[22m[39m[31m[1m^[22m[39m[31m[1m^[22m[39m[31m[1m^[22m[39m[31m[1m^[22m[39m[31m[1m^[22m[39m[31m[1m^[22m[39m[31m[1m^[22m[39m[31m[1m^[22m[39m[31m[1m^[22m[39m[31m[1m^[22m[39m[31m[1m^[22m[39m[31m[1m^[22m[39m[31m[1m^[22m[39m[31m[1m^[22m[39m
 [90m 35 |[39m [36mimport[39m { [33mSupabaseSiteRepository[39m } [36mfrom[39m [32m'@/modules/SiteManagement/infrastructure/SupabaseSiteRepository'[39m
 [90m 36 |[39m [36mimport[39m { [33mInMemoryEventBus[39m } [36mfrom[39m [32m'@/shared/infrastructure/eventBus/InMemoryEventBus'[39m
 [90m 37 |[39m [36mimport[39m { [33mSupabaseContext[39m } [36mfrom[39m [32m'@/shared/infrastructure/database/SupabaseContext'[39m[0m

The export CreateSiteCommand was not found in module [project]/src/modules/SiteManagement/application/commands/CreateSiteCommand.ts [app-route] (ecmascript).
Did you mean to import CreateSiteCommandHandler?
All exports of the module are statically known (It doesn't have dynamic exports). So it's known statically that the requested export doesn't exist.

Import trace:
  App Route:
    ./app/api/v1/properties/[propertyId]/sites/route.ts
    ./node_modules/@sentry/nextjs/build/cjs/config/withSentryConfig.js
    ./node_modules/@sentry/nextjs/build/cjs/index.server.js
    ./app/api/admin/sites/[id]/reservations/route.ts


./app/api/v1/financial/deposits/[id]/release/route.ts:10:1
Export ERROR_CODES doesn't exist in target module
[0m [90m  8 |[39m [36mimport[39m { createClient } [36mfrom[39m [32m'@/lib/supabase/server'[39m
 [90m  9 |[39m [36mimport[39m { success[33m,[39m error } [36mfrom[39m [32m'@/lib/api/response'[39m
[31m[1m>[22m[39m[90m 10 |[39m [36mimport[39m { [33mERROR_CODES[39m } [36mfrom[39m [32m'@/lib/api/errors'[39m
 [90m    |[39m [31m[1m^[22m[39m[31m[1m^[22m[39m[31m[1m^[22m[39m[31m[1m^[22m[39m[31m[1m^[22m[39m[31m[1m^[22m[39m[31m[1m^[22m[39m[31m[1m^[22m[39m[31m[1m^[22m[39m[31m[1m^[22m[39m[31m[1m^[22m[39m[31m[1m^[22m[39m[31m[1m^[22m[39m[31m[1m^[22m[39m[31m[1m^[22m[39m[31m[1m^[22m[39m[31m[1m^[22m[39m[31m[1m^[22m[39m[31m[1m^[22m[39m[31m[1m^[22m[39m[31m[1m^[22m[39m[31m[1m^[22m[39m[31m[1m^[22m[39m[31m[1m^[22m[39m[31m[1m^[22m[39m[31m[1m^[22m[39m[31m[1m^[22m[39m[31m[1m^[22m[39m[31m[1m^[22m[39m[31m[1m^[22m[39m[31m[1m^[22m[39m[31m[1m^[22m[39m[31m[1m^[22m[39m[31m[1m^[22m[39m[31m[1m^[22m[39m[31m[1m^[22m[39m[31m[1m^[22m[39m[31m[1m^[22m[39m[31m[1m^[22m[39m[31m[1m^[22m[39m[31m[1m^[22m[39m[31m[1m^[22m[39m[31m[1m^[22m[39m[31m[1m^[22m[39m[31m[1m^[22m[39m[31m[1m^[22m[39m
 [90m 11 |[39m [36mimport[39m { [33mReleaseSecurityDepositCommandHandler[39m } [36mfrom[39m [32m'@/modules/Financial/application/commands/ReleaseSecurityDepositCommand'[39m
 [90m 12 |[39m [36mimport[39m { [33mSupabaseSecurityDepositRepository[39m } [36mfrom[39m [32m'@/modules/Financial/infrastructure/SupabaseSecurityDepositRepository'[39m
 [90m 13 |[39m [36mimport[39m { toSecurityDepositDTO } [36mfrom[39m [32m'@/modules/Financial/application/DTOs/SecurityDepositDTO'[39m[0m

The export ERROR_CODES was not found in module [project]/src/lib/api/errors.ts [app-route] (ecmascript).
Did you mean to import ErrorCodes?
All exports of the module are statically known (It doesn't have dynamic exports). So it's known statically that the requested export doesn't exist.

Import trace:
  App Route:
    ./app/api/v1/financial/deposits/[id]/release/route.ts
    ./node_modules/@sentry/nextjs/build/cjs/config/withSentryConfig.js
    ./node_modules/@sentry/nextjs/build/cjs/index.server.js
    ./app/api/admin/sites/[id]/reservations/route.ts


./app/api/v1/financial/deposits/route.ts:10:1
Export ERROR_CODES doesn't exist in target module
[0m [90m  8 |[39m [36mimport[39m { createClient } [36mfrom[39m [32m'@/lib/supabase/server'[39m
 [90m  9 |[39m [36mimport[39m { success[33m,[39m error } [36mfrom[39m [32m'@/lib/api/response'[39m
[31m[1m>[22m[39m[90m 10 |[39m [36mimport[39m { [33mERROR_CODES[39m } [36mfrom[39m [32m'@/lib/api/errors'[39m
 [90m    |[39m [31m[1m^[22m[39m[31m[1m^[22m[39m[31m[1m^[22m[39m[31m[1m^[22m[39m[31m[1m^[22m[39m[31m[1m^[22m[39m[31m[1m^[22m[39m[31m[1m^[22m[39m[31m[1m^[22m[39m[31m[1m^[22m[39m[31m[1m^[22m[39m[31m[1m^[22m[39m[31m[1m^[22m[39m[31m[1m^[22m[39m[31m[1m^[22m[39m[31m[1m^[22m[39m[31m[1m^[22m[39m[31m[1m^[22m[39m[31m[1m^[22m[39m[31m[1m^[22m[39m[31m[1m^[22m[39m[31m[1m^[22m[39m[31m[1m^[22m[39m[31m[1m^[22m[39m[31m[1m^[22m[39m[31m[1m^[22m[39m[31m[1m^[22m[39m[31m[1m^[22m[39m[31m[1m^[22m[39m[31m[1m^[22m[39m[31m[1m^[22m[39m[31m[1m^[22m[39m[31m[1m^[22m[39m[31m[1m^[22m[39m[31m[1m^[22m[39m[31m[1m^[22m[39m[31m[1m^[22m[39m[31m[1m^[22m[39m[31m[1m^[22m[39m[31m[1m^[22m[39m[31m[1m^[22m[39m[31m[1m^[22m[39m[31m[1m^[22m[39m[31m[1m^[22m[39m[31m[1m^[22m[39m[31m[1m^[22m[39m
 [90m 11 |[39m [36mimport[39m { [33mHoldSecurityDepositRequestSchema[39m } [36mfrom[39m [32m'@/types/api/v1/schemas/financial'[39m
 [90m 12 |[39m [36mimport[39m { [33mHoldSecurityDepositCommandHandler[39m } [36mfrom[39m [32m'@/modules/Financial/application/commands/HoldSecurityDepositCommand'[39m
 [90m 13 |[39m [36mimport[39m { [33mSupabaseSecurityDepositRepository[39m } [36mfrom[39m [32m'@/modules/Financial/infrastructure/SupabaseSecurityDepositRepository'[39m[0m

The export ERROR_CODES was not found in module [project]/src/lib/api/errors.ts [app-route] (ecmascript).
Did you mean to import ErrorCodes?
All exports of the module are statically known (It doesn't have dynamic exports). So it's known statically that the requested export doesn't exist.

Import trace:
  App Route:
    ./app/api/v1/financial/deposits/route.ts
    ./node_modules/@sentry/nextjs/build/cjs/config/withSentryConfig.js
    ./node_modules/@sentry/nextjs/build/cjs/index.server.js
    ./app/api/admin/sites/[id]/reservations/route.ts


./app/api/v1/financial/invoices/[id]/route.ts:10:1
Export ERROR_CODES doesn't exist in target module
[0m [90m  8 |[39m [36mimport[39m { createClient } [36mfrom[39m [32m'@/lib/supabase/server'[39m
 [90m  9 |[39m [36mimport[39m { success[33m,[39m error } [36mfrom[39m [32m'@/lib/api/response'[39m
[31m[1m>[22m[39m[90m 10 |[39m [36mimport[39m { [33mERROR_CODES[39m } [36mfrom[39m [32m'@/lib/api/errors'[39m
 [90m    |[39m [31m[1m^[22m[39m[31m[1m^[22m[39m[31m[1m^[22m[39m[31m[1m^[22m[39m[31m[1m^[22m[39m[31m[1m^[22m[39m[31m[1m^[22m[39m[31m[1m^[22m[39m[31m[1m^[22m[39m[31m[1m^[22m[39m[31m[1m^[22m[39m[31m[1m^[22m[39m[31m[1m^[22m[39m[31m[1m^[22m[39m[31m[1m^[22m[39m[31m[1m^[22m[39m[31m[1m^[22m[39m[31m[1m^[22m[39m[31m[1m^[22m[39m[31m[1m^[22m[39m[31m[1m^[22m[39m[31m[1m^[22m[39m[31m[1m^[22m[39m[31m[1m^[22m[39m[31m[1m^[22m[39m[31m[1m^[22m[39m[31m[1m^[22m[39m[31m[1m^[22m[39m[31m[1m^[22m[39m[31m[1m^[22m[39m[31m[1m^[22m[39m[31m[1m^[22m[39m[31m[1m^[22m[39m[31m[1m^[22m[39m[31m[1m^[22m[39m[31m[1m^[22m[39m[31m[1m^[22m[39m[31m[1m^[22m[39m[31m[1m^[22m[39m[31m[1m^[22m[39m[31m[1m^[22m[39m[31m[1m^[22m[39m[31m[1m^[22m[39m[31m[1m^[22m[39m[31m[1m^[22m[39m[31m[1m^[22m[39m
 [90m 11 |[39m [36mimport[39m { [33mGetInvoiceQueryHandler[39m } [36mfrom[39m [32m'@/modules/Financial/application/queries/GetInvoiceQuery'[39m
 [90m 12 |[39m [36mimport[39m { [33mSupabaseInvoiceRepository[39m } [36mfrom[39m [32m'@/modules/Financial/infrastructure/SupabaseInvoiceRepository'[39m
 [90m 13 |[39m [36mimport[39m { toInvoiceDTO } [36mfrom[39m [32m'@/modules/Financial/application/DTOs/InvoiceDTO'[39m[0m

The export ERROR_CODES was not found in module [project]/src/lib/api/errors.ts [app-route] (ecmascript).
Did you mean to import ErrorCodes?
All exports of the module are statically known (It doesn't have dynamic exports). So it's known statically that the requested export doesn't exist.

Import trace:
  App Route:
    ./app/api/v1/financial/invoices/[id]/route.ts
    ./node_modules/@sentry/nextjs/build/cjs/config/withSentryConfig.js
    ./node_modules/@sentry/nextjs/build/cjs/index.server.js
    ./app/api/admin/sites/[id]/reservations/route.ts


./app/api/v1/financial/invoices/route.ts:10:1
Export ERROR_CODES doesn't exist in target module
[0m [90m  8 |[39m [36mimport[39m { createClient } [36mfrom[39m [32m'@/lib/supabase/server'[39m
 [90m  9 |[39m [36mimport[39m { success[33m,[39m error } [36mfrom[39m [32m'@/lib/api/response'[39m
[31m[1m>[22m[39m[90m 10 |[39m [36mimport[39m { [33mERROR_CODES[39m } [36mfrom[39m [32m'@/lib/api/errors'[39m
 [90m    |[39m [31m[1m^[22m[39m[31m[1m^[22m[39m[31m[1m^[22m[39m[31m[1m^[22m[39m[31m[1m^[22m[39m[31m[1m^[22m[39m[31m[1m^[22m[39m[31m[1m^[22m[39m[31m[1m^[22m[39m[31m[1m^[22m[39m[31m[1m^[22m[39m[31m[1m^[22m[39m[31m[1m^[22m[39m[31m[1m^[22m[39m[31m[1m^[22m[39m[31m[1m^[22m[39m[31m[1m^[22m[39m[31m[1m^[22m[39m[31m[1m^[22m[39m[31m[1m^[22m[39m[31m[1m^[22m[39m[31m[1m^[22m[39m[31m[1m^[22m[39m[31m[1m^[22m[39m[31m[1m^[22m[39m[31m[1m^[22m[39m[31m[1m^[22m[39m[31m[1m^[22m[39m[31m[1m^[22m[39m[31m[1m^[22m[39m[31m[1m^[22m[39m[31m[1m^[22m[39m[31m[1m^[22m[39m[31m[1m^[22m[39m[31m[1m^[22m[39m[31m[1m^[22m[39m[31m[1m^[22m[39m[31m[1m^[22m[39m[31m[1m^[22m[39m[31m[1m^[22m[39m[31m[1m^[22m[39m[31m[1m^[22m[39m[31m[1m^[22m[39m[31m[1m^[22m[39m[31m[1m^[22m[39m[31m[1m^[22m[39m
 [90m 11 |[39m [36mimport[39m { [33mGenerateInvoiceRequestSchema[39m } [36mfrom[39m [32m'@/types/api/v1/schemas/financial'[39m
 [90m 12 |[39m [36mimport[39m { [33mGenerateInvoiceCommandHandler[39m } [36mfrom[39m [32m'@/modules/Financial/application/commands/GenerateInvoiceCommand'[39m
 [90m 13 |[39m [36mimport[39m { [33mSupabaseInvoiceRepository[39m } [36mfrom[39m [32m'@/modules/Financial/infrastructure/SupabaseInvoiceRepository'[39m[0m

The export ERROR_CODES was not found in module [project]/src/lib/api/errors.ts [app-route] (ecmascript).
Did you mean to import ErrorCodes?
All exports of the module are statically known (It doesn't have dynamic exports). So it's known statically that the requested export doesn't exist.

Import trace:
  App Route:
    ./app/api/v1/financial/invoices/route.ts
    ./node_modules/@sentry/nextjs/build/cjs/config/withSentryConfig.js
    ./node_modules/@sentry/nextjs/build/cjs/index.server.js
    ./app/api/admin/sites/[id]/reservations/route.ts


./app/api/v1/financial/reservations/[id]/balance/route.ts:10:1
Export ERROR_CODES doesn't exist in target module
[0m [90m  8 |[39m [36mimport[39m { createClient } [36mfrom[39m [32m'@/lib/supabase/server'[39m
 [90m  9 |[39m [36mimport[39m { success[33m,[39m error } [36mfrom[39m [32m'@/lib/api/response'[39m
[31m[1m>[22m[39m[90m 10 |[39m [36mimport[39m { [33mERROR_CODES[39m } [36mfrom[39m [32m'@/lib/api/errors'[39m
 [90m    |[39m [31m[1m^[22m[39m[31m[1m^[22m[39m[31m[1m^[22m[39m[31m[1m^[22m[39m[31m[1m^[22m[39m[31m[1m^[22m[39m[31m[1m^[22m[39m[31m[1m^[22m[39m[31m[1m^[22m[39m[31m[1m^[22m[39m[31m[1m^[22m[39m[31m[1m^[22m[39m[31m[1m^[22m[39m[31m[1m^[22m[39m[31m[1m^[22m[39m[31m[1m^[22m[39m[31m[1m^[22m[39m[31m[1m^[22m[39m[31m[1m^[22m[39m[31m[1m^[22m[39m[31m[1m^[22m[39m[31m[1m^[22m[39m[31m[1m^[22m[39m[31m[1m^[22m[39m[31m[1m^[22m[39m[31m[1m^[22m[39m[31m[1m^[22m[39m[31m[1m^[22m[39m[31m[1m^[22m[39m[31m[1m^[22m[39m[31m[1m^[22m[39m[31m[1m^[22m[39m[31m[1m^[22m[39m[31m[1m^[22m[39m[31m[1m^[22m[39m[31m[1m^[22m[39m[31m[1m^[22m[39m[31m[1m^[22m[39m[31m[1m^[22m[39m[31m[1m^[22m[39m[31m[1m^[22m[39m[31m[1m^[22m[39m[31m[1m^[22m[39m[31m[1m^[22m[39m[31m[1m^[22m[39m[31m[1m^[22m[39m
 [90m 11 |[39m [36mimport[39m { [33mGetReservationBalanceQueryHandler[39m } [36mfrom[39m [32m'@/modules/Financial/application/queries/GetReservationBalanceQuery'[39m
 [90m 12 |[39m [36mimport[39m { [33mSupabaseTransactionRepository[39m } [36mfrom[39m [32m'@/modules/Financial/infrastructure/SupabaseTransactionRepository'[39m
 [90m 13 |[39m [36mimport[39m { [33mSupabaseInvoiceRepository[39m } [36mfrom[39m [32m'@/modules/Financial/infrastructure/SupabaseInvoiceRepository'[39m[0m

The export ERROR_CODES was not found in module [project]/src/lib/api/errors.ts [app-route] (ecmascript).
Did you mean to import ErrorCodes?
All exports of the module are statically known (It doesn't have dynamic exports). So it's known statically that the requested export doesn't exist.

Import trace:
  App Route:
    ./app/api/v1/financial/reservations/[id]/balance/route.ts
    ./node_modules/@sentry/nextjs/build/cjs/config/withSentryConfig.js
    ./node_modules/@sentry/nextjs/build/cjs/index.server.js
    ./app/api/admin/sites/[id]/reservations/route.ts


./app/api/v1/financial/transactions/[id]/route.ts:10:1
Export ERROR_CODES doesn't exist in target module
[0m [90m  8 |[39m [36mimport[39m { createClient } [36mfrom[39m [32m'@/lib/supabase/server'[39m
 [90m  9 |[39m [36mimport[39m { success[33m,[39m error } [36mfrom[39m [32m'@/lib/api/response'[39m
[31m[1m>[22m[39m[90m 10 |[39m [36mimport[39m { [33mERROR_CODES[39m } [36mfrom[39m [32m'@/lib/api/errors'[39m
 [90m    |[39m [31m[1m^[22m[39m[31m[1m^[22m[39m[31m[1m^[22m[39m[31m[1m^[22m[39m[31m[1m^[22m[39m[31m[1m^[22m[39m[31m[1m^[22m[39m[31m[1m^[22m[39m[31m[1m^[22m[39m[31m[1m^[22m[39m[31m[1m^[22m[39m[31m[1m^[22m[39m[31m[1m^[22m[39m[31m[1m^[22m[39m[31m[1m^[22m[39m[31m[1m^[22m[39m[31m[1m^[22m[39m[31m[1m^[22m[39m[31m[1m^[22m[39m[31m[1m^[22m[39m[31m[1m^[22m[39m[31m[1m^[22m[39m[31m[1m^[22m[39m[31m[1m^[22m[39m[31m[1m^[22m[39m[31m[1m^[22m[39m[31m[1m^[22m[39m[31m[1m^[22m[39m[31m[1m^[22m[39m[31m[1m^[22m[39m[31m[1m^[22m[39m[31m[1m^[22m[39m[31m[1m^[22m[39m[31m[1m^[22m[39m[31m[1m^[22m[39m[31m[1m^[22m[39m[31m[1m^[22m[39m[31m[1m^[22m[39m[31m[1m^[22m[39m[31m[1m^[22m[39m[31m[1m^[22m[39m[31m[1m^[22m[39m[31m[1m^[22m[39m[31m[1m^[22m[39m[31m[1m^[22m[39m[31m[1m^[22m[39m
 [90m 11 |[39m [36mimport[39m { [33mGetTransactionQueryHandler[39m } [36mfrom[39m [32m'@/modules/Financial/application/queries/GetTransactionQuery'[39m
 [90m 12 |[39m [36mimport[39m { [33mSupabaseTransactionRepository[39m } [36mfrom[39m [32m'@/modules/Financial/infrastructure/SupabaseTransactionRepository'[39m
 [90m 13 |[39m [36mimport[39m { toTransactionDTO } [36mfrom[39m [32m'@/modules/Financial/application/DTOs/TransactionDTO'[39m[0m

The export ERROR_CODES was not found in module [project]/src/lib/api/errors.ts [app-route] (ecmascript).
Did you mean to import ErrorCodes?
All exports of the module are statically known (It doesn't have dynamic exports). So it's known statically that the requested export doesn't exist.

Import trace:
  App Route:
    ./app/api/v1/financial/transactions/[id]/route.ts
    ./node_modules/@sentry/nextjs/build/cjs/config/withSentryConfig.js
    ./node_modules/@sentry/nextjs/build/cjs/index.server.js
    ./app/api/admin/sites/[id]/reservations/route.ts


./app/api/v1/financial/transactions/route.ts:10:1
Export ERROR_CODES doesn't exist in target module
[0m [90m  8 |[39m [36mimport[39m { createClient } [36mfrom[39m [32m'@/lib/supabase/server'[39m
 [90m  9 |[39m [36mimport[39m { success[33m,[39m error } [36mfrom[39m [32m'@/lib/api/response'[39m
[31m[1m>[22m[39m[90m 10 |[39m [36mimport[39m { [33mERROR_CODES[39m } [36mfrom[39m [32m'@/lib/api/errors'[39m
 [90m    |[39m [31m[1m^[22m[39m[31m[1m^[22m[39m[31m[1m^[22m[39m[31m[1m^[22m[39m[31m[1m^[22m[39m[31m[1m^[22m[39m[31m[1m^[22m[39m[31m[1m^[22m[39m[31m[1m^[22m[39m[31m[1m^[22m[39m[31m[1m^[22m[39m[31m[1m^[22m[39m[31m[1m^[22m[39m[31m[1m^[22m[39m[31m[1m^[22m[39m[31m[1m^[22m[39m[31m[1m^[22m[39m[31m[1m^[22m[39m[31m[1m^[22m[39m[31m[1m^[22m[39m[31m[1m^[22m[39m[31m[1m^[22m[39m[31m[1m^[22m[39m[31m[1m^[22m[39m[31m[1m^[22m[39m[31m[1m^[22m[39m[31m[1m^[22m[39m[31m[1m^[22m[39m[31m[1m^[22m[39m[31m[1m^[22m[39m[31m[1m^[22m[39m[31m[1m^[22m[39m[31m[1m^[22m[39m[31m[1m^[22m[39m[31m[1m^[22m[39m[31m[1m^[22m[39m[31m[1m^[22m[39m[31m[1m^[22m[39m[31m[1m^[22m[39m[31m[1m^[22m[39m[31m[1m^[22m[39m[31m[1m^[22m[39m[31m[1m^[22m[39m[31m[1m^[22m[39m[31m[1m^[22m[39m[31m[1m^[22m[39m
 [90m 11 |[39m [36mimport[39m { [33mRecordPaymentRequestSchema[39m } [36mfrom[39m [32m'@/types/api/v1/schemas/financial'[39m
 [90m 12 |[39m [36mimport[39m { [33mRecordPaymentCommandHandler[39m } [36mfrom[39m [32m'@/modules/Financial/application/commands/RecordPaymentCommand'[39m
 [90m 13 |[39m [36mimport[39m { [33mSupabaseTransactionRepository[39m } [36mfrom[39m [32m'@/modules/Financial/infrastructure/SupabaseTransactionRepository'[39m[0m

The export ERROR_CODES was not found in module [project]/src/lib/api/errors.ts [app-route] (ecmascript).
Did you mean to import ErrorCodes?
All exports of the module are statically known (It doesn't have dynamic exports). So it's known statically that the requested export doesn't exist.

Import trace:
  App Route:
    ./app/api/v1/financial/transactions/route.ts
    ./node_modules/@sentry/nextjs/build/cjs/config/withSentryConfig.js
    ./node_modules/@sentry/nextjs/build/cjs/index.server.js
    ./app/api/admin/sites/[id]/reservations/route.ts


./app/api/v1/guests/[id]/route.ts:16:1
Export ERROR_CODES doesn't exist in target module
[0m [90m 14 |[39m [36mimport[39m { createClient } [36mfrom[39m [32m'@/lib/supabase/server'[39m
 [90m 15 |[39m [36mimport[39m { success[33m,[39m error } [36mfrom[39m [32m'@/lib/api/response'[39m
[31m[1m>[22m[39m[90m 16 |[39m [36mimport[39m { [33mERROR_CODES[39m } [36mfrom[39m [32m'@/lib/api/errors'[39m
 [90m    |[39m [31m[1m^[22m[39m[31m[1m^[22m[39m[31m[1m^[22m[39m[31m[1m^[22m[39m[31m[1m^[22m[39m[31m[1m^[22m[39m[31m[1m^[22m[39m[31m[1m^[22m[39m[31m[1m^[22m[39m[31m[1m^[22m[39m[31m[1m^[22m[39m[31m[1m^[22m[39m[31m[1m^[22m[39m[31m[1m^[22m[39m[31m[1m^[22m[39m[31m[1m^[22m[39m[31m[1m^[22m[39m[31m[1m^[22m[39m[31m[1m^[22m[39m[31m[1m^[22m[39m[31m[1m^[22m[39m[31m[1m^[22m[39m[31m[1m^[22m[39m[31m[1m^[22m[39m[31m[1m^[22m[39m[31m[1m^[22m[39m[31m[1m^[22m[39m[31m[1m^[22m[39m[31m[1m^[22m[39m[31m[1m^[22m[39m[31m[1m^[22m[39m[31m[1m^[22m[39m[31m[1m^[22m[39m[31m[1m^[22m[39m[31m[1m^[22m[39m[31m[1m^[22m[39m[31m[1m^[22m[39m[31m[1m^[22m[39m[31m[1m^[22m[39m[31m[1m^[22m[39m[31m[1m^[22m[39m[31m[1m^[22m[39m[31m[1m^[22m[39m[31m[1m^[22m[39m[31m[1m^[22m[39m[31m[1m^[22m[39m
 [90m 17 |[39m [36mimport[39m { [33mUpdateGuestRequestSchema[39m[33m,[39m type [33mUpdateGuestRequest[39m } [36mfrom[39m [32m'@/types/api/v1/schemas/guests'[39m
 [90m 18 |[39m [36mimport[39m { [33mGetGuestQueryHandler[39m } [36mfrom[39m [32m'@/modules/GuestManagement/application/queries/GetGuestQuery'[39m
 [90m 19 |[39m [36mimport[39m { [33mUpdateGuestCommandHandler[39m } [36mfrom[39m [32m'@/modules/GuestManagement/application/commands/UpdateGuestCommand'[39m[0m

The export ERROR_CODES was not found in module [project]/src/lib/api/errors.ts [app-route] (ecmascript).
Did you mean to import ErrorCodes?
All exports of the module are statically known (It doesn't have dynamic exports). So it's known statically that the requested export doesn't exist.

Import trace:
  App Route:
    ./app/api/v1/guests/[id]/route.ts
    ./node_modules/@sentry/nextjs/build/cjs/config/withSentryConfig.js
    ./node_modules/@sentry/nextjs/build/cjs/index.server.js
    ./app/api/admin/sites/[id]/reservations/route.ts


./app/api/v1/guests/[id]/stripe/route.ts:15:1
Export ERROR_CODES doesn't exist in target module
[0m [90m 13 |[39m [36mimport[39m { createClient } [36mfrom[39m [32m'@/lib/supabase/server'[39m
 [90m 14 |[39m [36mimport[39m { success[33m,[39m error } [36mfrom[39m [32m'@/lib/api/response'[39m
[31m[1m>[22m[39m[90m 15 |[39m [36mimport[39m { [33mERROR_CODES[39m } [36mfrom[39m [32m'@/lib/api/errors'[39m
 [90m    |[39m [31m[1m^[22m[39m[31m[1m^[22m[39m[31m[1m^[22m[39m[31m[1m^[22m[39m[31m[1m^[22m[39m[31m[1m^[22m[39m[31m[1m^[22m[39m[31m[1m^[22m[39m[31m[1m^[22m[39m[31m[1m^[22m[39m[31m[1m^[22m[39m[31m[1m^[22m[39m[31m[1m^[22m[39m[31m[1m^[22m[39m[31m[1m^[22m[39m[31m[1m^[22m[39m[31m[1m^[22m[39m[31m[1m^[22m[39m[31m[1m^[22m[39m[31m[1m^[22m[39m[31m[1m^[22m[39m[31m[1m^[22m[39m[31m[1m^[22m[39m[31m[1m^[22m[39m[31m[1m^[22m[39m[31m[1m^[22m[39m[31m[1m^[22m[39m[31m[1m^[22m[39m[31m[1m^[22m[39m[31m[1m^[22m[39m[31m[1m^[22m[39m[31m[1m^[22m[39m[31m[1m^[22m[39m[31m[1m^[22m[39m[31m[1m^[22m[39m[31m[1m^[22m[39m[31m[1m^[22m[39m[31m[1m^[22m[39m[31m[1m^[22m[39m[31m[1m^[22m[39m[31m[1m^[22m[39m[31m[1m^[22m[39m[31m[1m^[22m[39m[31m[1m^[22m[39m[31m[1m^[22m[39m[31m[1m^[22m[39m
 [90m 16 |[39m [36mimport[39m {
 [90m 17 |[39m   [33mLinkStripeCustomerRequestSchema[39m[33m,[39m
 [90m 18 |[39m   type [33mLinkStripeCustomerRequest[39m[33m,[39m[0m

The export ERROR_CODES was not found in module [project]/src/lib/api/errors.ts [app-route] (ecmascript).
Did you mean to import ErrorCodes?
All exports of the module are statically known (It doesn't have dynamic exports). So it's known statically that the requested export doesn't exist.

Import trace:
  App Route:
    ./app/api/v1/guests/[id]/stripe/route.ts
    ./node_modules/@sentry/nextjs/build/cjs/config/withSentryConfig.js
    ./node_modules/@sentry/nextjs/build/cjs/index.server.js
    ./app/api/admin/sites/[id]/reservations/route.ts


./app/api/v1/properties/[propertyId]/complete-onboarding/route.ts:17:1
Export ERROR_CODES doesn't exist in target module
[0m [90m 15 |[39m [36mimport[39m { createClient } [36mfrom[39m [32m'@/lib/supabase/server'[39m
 [90m 16 |[39m [36mimport[39m { success[33m,[39m error } [36mfrom[39m [32m'@/lib/api/response'[39m
[31m[1m>[22m[39m[90m 17 |[39m [36mimport[39m { [33mERROR_CODES[39m } [36mfrom[39m [32m'@/lib/api/errors'[39m
 [90m    |[39m [31m[1m^[22m[39m[31m[1m^[22m[39m[31m[1m^[22m[39m[31m[1m^[22m[39m[31m[1m^[22m[39m[31m[1m^[22m[39m[31m[1m^[22m[39m[31m[1m^[22m[39m[31m[1m^[22m[39m[31m[1m^[22m[39m[31m[1m^[22m[39m[31m[1m^[22m[39m[31m[1m^[22m[39m[31m[1m^[22m[39m[31m[1m^[22m[39m[31m[1m^[22m[39m[31m[1m^[22m[39m[31m[1m^[22m[39m[31m[1m^[22m[39m[31m[1m^[22m[39m[31m[1m^[22m[39m[31m[1m^[22m[39m[31m[1m^[22m[39m[31m[1m^[22m[39m[31m[1m^[22m[39m[31m[1m^[22m[39m[31m[1m^[22m[39m[31m[1m^[22m[39m[31m[1m^[22m[39m[31m[1m^[22m[39m[31m[1m^[22m[39m[31m[1m^[22m[39m[31m[1m^[22m[39m[31m[1m^[22m[39m[31m[1m^[22m[39m[31m[1m^[22m[39m[31m[1m^[22m[39m[31m[1m^[22m[39m[31m[1m^[22m[39m[31m[1m^[22m[39m[31m[1m^[22m[39m[31m[1m^[22m[39m[31m[1m^[22m[39m[31m[1m^[22m[39m[31m[1m^[22m[39m[31m[1m^[22m[39m
 [90m 18 |[39m [36mimport[39m { [33mGetPropertyQueryHandler[39m } [36mfrom[39m [32m'@/modules/PropertyManagement/application/queries/GetPropertyQuery'[39m
 [90m 19 |[39m [36mimport[39m { [33mUpdatePropertyCommandHandler[39m } [36mfrom[39m [32m'@/modules/PropertyManagement/application/commands/UpdatePropertyCommand'[39m
 [90m 20 |[39m [36mimport[39m { [33mSupabasePropertyRepository[39m } [36mfrom[39m [32m'@/modules/PropertyManagement/infrastructure/SupabasePropertyRepository'[39m[0m

The export ERROR_CODES was not found in module [project]/src/lib/api/errors.ts [app-route] (ecmascript).
Did you mean to import ErrorCodes?
All exports of the module are statically known (It doesn't have dynamic exports). So it's known statically that the requested export doesn't exist.

Import trace:
  App Route:
    ./app/api/v1/properties/[propertyId]/complete-onboarding/route.ts
    ./node_modules/@sentry/nextjs/build/cjs/config/withSentryConfig.js
    ./node_modules/@sentry/nextjs/build/cjs/index.server.js
    ./app/api/admin/sites/[id]/reservations/route.ts


./app/api/v1/properties/[propertyId]/guests/route.ts:17:1
Export ERROR_CODES doesn't exist in target module
[0m [90m 15 |[39m [36mimport[39m { createClient } [36mfrom[39m [32m'@/lib/supabase/server'[39m
 [90m 16 |[39m [36mimport[39m { success[33m,[39m error } [36mfrom[39m [32m'@/lib/api/response'[39m
[31m[1m>[22m[39m[90m 17 |[39m [36mimport[39m { [33mERROR_CODES[39m } [36mfrom[39m [32m'@/lib/api/errors'[39m
 [90m    |[39m [31m[1m^[22m[39m[31m[1m^[22m[39m[31m[1m^[22m[39m[31m[1m^[22m[39m[31m[1m^[22m[39m[31m[1m^[22m[39m[31m[1m^[22m[39m[31m[1m^[22m[39m[31m[1m^[22m[39m[31m[1m^[22m[39m[31m[1m^[22m[39m[31m[1m^[22m[39m[31m[1m^[22m[39m[31m[1m^[22m[39m[31m[1m^[22m[39m[31m[1m^[22m[39m[31m[1m^[22m[39m[31m[1m^[22m[39m[31m[1m^[22m[39m[31m[1m^[22m[39m[31m[1m^[22m[39m[31m[1m^[22m[39m[31m[1m^[22m[39m[31m[1m^[22m[39m[31m[1m^[22m[39m[31m[1m^[22m[39m[31m[1m^[22m[39m[31m[1m^[22m[39m[31m[1m^[22m[39m[31m[1m^[22m[39m[31m[1m^[22m[39m[31m[1m^[22m[39m[31m[1m^[22m[39m[31m[1m^[22m[39m[31m[1m^[22m[39m[31m[1m^[22m[39m[31m[1m^[22m[39m[31m[1m^[22m[39m[31m[1m^[22m[39m[31m[1m^[22m[39m[31m[1m^[22m[39m[31m[1m^[22m[39m[31m[1m^[22m[39m[31m[1m^[22m[39m[31m[1m^[22m[39m[31m[1m^[22m[39m
 [90m 18 |[39m [36mimport[39m {
 [90m 19 |[39m   [33mCreateGuestRequestSchema[39m[33m,[39m
 [90m 20 |[39m   [33mListGuestsQuerySchema[39m[33m,[39m[0m

The export ERROR_CODES was not found in module [project]/src/lib/api/errors.ts [app-route] (ecmascript).
Did you mean to import ErrorCodes?
All exports of the module are statically known (It doesn't have dynamic exports). So it's known statically that the requested export doesn't exist.

Import trace:
  App Route:
    ./app/api/v1/properties/[propertyId]/guests/route.ts
    ./node_modules/@sentry/nextjs/build/cjs/config/withSentryConfig.js
    ./node_modules/@sentry/nextjs/build/cjs/index.server.js
    ./app/api/admin/sites/[id]/reservations/route.ts


./app/api/v1/properties/[propertyId]/reservations/route.ts:14:1
Export ERROR_CODES doesn't exist in target module
[0m [90m 12 |[39m [36mimport[39m { createClient } [36mfrom[39m [32m'@/lib/supabase/server'[39m
 [90m 13 |[39m [36mimport[39m { success[33m,[39m error } [36mfrom[39m [32m'@/lib/api/response'[39m
[31m[1m>[22m[39m[90m 14 |[39m [36mimport[39m { [33mERROR_CODES[39m } [36mfrom[39m [32m'@/lib/api/errors'[39m
 [90m    |[39m [31m[1m^[22m[39m[31m[1m^[22m[39m[31m[1m^[22m[39m[31m[1m^[22m[39m[31m[1m^[22m[39m[31m[1m^[22m[39m[31m[1m^[22m[39m[31m[1m^[22m[39m[31m[1m^[22m[39m[31m[1m^[22m[39m[31m[1m^[22m[39m[31m[1m^[22m[39m[31m[1m^[22m[39m[31m[1m^[22m[39m[31m[1m^[22m[39m[31m[1m^[22m[39m[31m[1m^[22m[39m[31m[1m^[22m[39m[31m[1m^[22m[39m[31m[1m^[22m[39m[31m[1m^[22m[39m[31m[1m^[22m[39m[31m[1m^[22m[39m[31m[1m^[22m[39m[31m[1m^[22m[39m[31m[1m^[22m[39m[31m[1m^[22m[39m[31m[1m^[22m[39m[31m[1m^[22m[39m[31m[1m^[22m[39m[31m[1m^[22m[39m[31m[1m^[22m[39m[31m[1m^[22m[39m[31m[1m^[22m[39m[31m[1m^[22m[39m[31m[1m^[22m[39m[31m[1m^[22m[39m[31m[1m^[22m[39m[31m[1m^[22m[39m[31m[1m^[22m[39m[31m[1m^[22m[39m[31m[1m^[22m[39m[31m[1m^[22m[39m[31m[1m^[22m[39m[31m[1m^[22m[39m[31m[1m^[22m[39m
 [90m 15 |[39m [36mimport[39m {
 [90m 16 |[39m   [33mCreateReservationRequestSchema[39m[33m,[39m
 [90m 17 |[39m   type [33mCreateReservationRequest[39m[33m,[39m[0m

The export ERROR_CODES was not found in module [project]/src/lib/api/errors.ts [app-route] (ecmascript).
Did you mean to import ErrorCodes?
All exports of the module are statically known (It doesn't have dynamic exports). So it's known statically that the requested export doesn't exist.

Import trace:
  App Route:
    ./app/api/v1/properties/[propertyId]/reservations/route.ts
    ./node_modules/@sentry/nextjs/build/cjs/config/withSentryConfig.js
    ./node_modules/@sentry/nextjs/build/cjs/index.server.js
    ./app/api/admin/sites/[id]/reservations/route.ts


./app/api/v1/properties/[propertyId]/route.ts:18:1
Export ERROR_CODES doesn't exist in target module
[0m [90m 16 |[39m [36mimport[39m { createClient } [36mfrom[39m [32m'@/lib/supabase/server'[39m
 [90m 17 |[39m [36mimport[39m { success[33m,[39m error } [36mfrom[39m [32m'@/lib/api/response'[39m
[31m[1m>[22m[39m[90m 18 |[39m [36mimport[39m { [33mERROR_CODES[39m } [36mfrom[39m [32m'@/lib/api/errors'[39m
 [90m    |[39m [31m[1m^[22m[39m[31m[1m^[22m[39m[31m[1m^[22m[39m[31m[1m^[22m[39m[31m[1m^[22m[39m[31m[1m^[22m[39m[31m[1m^[22m[39m[31m[1m^[22m[39m[31m[1m^[22m[39m[31m[1m^[22m[39m[31m[1m^[22m[39m[31m[1m^[22m[39m[31m[1m^[22m[39m[31m[1m^[22m[39m[31m[1m^[22m[39m[31m[1m^[22m[39m[31m[1m^[22m[39m[31m[1m^[22m[39m[31m[1m^[22m[39m[31m[1m^[22m[39m[31m[1m^[22m[39m[31m[1m^[22m[39m[31m[1m^[22m[39m[31m[1m^[22m[39m[31m[1m^[22m[39m[31m[1m^[22m[39m[31m[1m^[22m[39m[31m[1m^[22m[39m[31m[1m^[22m[39m[31m[1m^[22m[39m[31m[1m^[22m[39m[31m[1m^[22m[39m[31m[1m^[22m[39m[31m[1m^[22m[39m[31m[1m^[22m[39m[31m[1m^[22m[39m[31m[1m^[22m[39m[31m[1m^[22m[39m[31m[1m^[22m[39m[31m[1m^[22m[39m[31m[1m^[22m[39m[31m[1m^[22m[39m[31m[1m^[22m[39m[31m[1m^[22m[39m[31m[1m^[22m[39m[31m[1m^[22m[39m
 [90m 19 |[39m [36mimport[39m { [33mUpdatePropertyRequestSchema[39m[33m,[39m type [33mUpdatePropertyRequest[39m } [36mfrom[39m [32m'@/types/api/v1/schemas/properties'[39m
 [90m 20 |[39m [36mimport[39m { [33mGetPropertyQueryHandler[39m } [36mfrom[39m [32m'@/modules/PropertyManagement/application/queries/GetPropertyQuery'[39m
 [90m 21 |[39m [36mimport[39m { [33mUpdatePropertyCommandHandler[39m } [36mfrom[39m [32m'@/modules/PropertyManagement/application/commands/UpdatePropertyCommand'[39m[0m

The export ERROR_CODES was not found in module [project]/src/lib/api/errors.ts [app-route] (ecmascript).
Did you mean to import ErrorCodes?
All exports of the module are statically known (It doesn't have dynamic exports). So it's known statically that the requested export doesn't exist.

Import trace:
  App Route:
    ./app/api/v1/properties/[propertyId]/route.ts
    ./node_modules/@sentry/nextjs/build/cjs/config/withSentryConfig.js
    ./node_modules/@sentry/nextjs/build/cjs/index.server.js
    ./app/api/admin/sites/[id]/reservations/route.ts


./app/api/v1/properties/[propertyId]/sites/bulk/route.ts:21:1
Export ERROR_CODES doesn't exist in target module
[0m [90m 19 |[39m [36mimport[39m { createClient } [36mfrom[39m [32m'@/lib/supabase/server'[39m
 [90m 20 |[39m [36mimport[39m { success[33m,[39m error } [36mfrom[39m [32m'@/lib/api/response'[39m
[31m[1m>[22m[39m[90m 21 |[39m [36mimport[39m { [33mERROR_CODES[39m } [36mfrom[39m [32m'@/lib/api/errors'[39m
 [90m    |[39m [31m[1m^[22m[39m[31m[1m^[22m[39m[31m[1m^[22m[39m[31m[1m^[22m[39m[31m[1m^[22m[39m[31m[1m^[22m[39m[31m[1m^[22m[39m[31m[1m^[22m[39m[31m[1m^[22m[39m[31m[1m^[22m[39m[31m[1m^[22m[39m[31m[1m^[22m[39m[31m[1m^[22m[39m[31m[1m^[22m[39m[31m[1m^[22m[39m[31m[1m^[22m[39m[31m[1m^[22m[39m[31m[1m^[22m[39m[31m[1m^[22m[39m[31m[1m^[22m[39m[31m[1m^[22m[39m[31m[1m^[22m[39m[31m[1m^[22m[39m[31m[1m^[22m[39m[31m[1m^[22m[39m[31m[1m^[22m[39m[31m[1m^[22m[39m[31m[1m^[22m[39m[31m[1m^[22m[39m[31m[1m^[22m[39m[31m[1m^[22m[39m[31m[1m^[22m[39m[31m[1m^[22m[39m[31m[1m^[22m[39m[31m[1m^[22m[39m[31m[1m^[22m[39m[31m[1m^[22m[39m[31m[1m^[22m[39m[31m[1m^[22m[39m[31m[1m^[22m[39m[31m[1m^[22m[39m[31m[1m^[22m[39m[31m[1m^[22m[39m[31m[1m^[22m[39m[31m[1m^[22m[39m[31m[1m^[22m[39m
 [90m 22 |[39m [36mimport[39m { [33mCreateSiteRequestSchema[39m[33m,[39m type [33mCreateSiteRequest[39m } [36mfrom[39m [32m'@/types/api/v1/schemas/sites'[39m
 [90m 23 |[39m [36mimport[39m { [33mCreateSiteCommand[39m } [36mfrom[39m [32m'@/modules/SiteManagement/application/commands/CreateSiteCommand'[39m
 [90m 24 |[39m [36mimport[39m { [33mSupabaseSiteRepository[39m } [36mfrom[39m [32m'@/modules/SiteManagement/infrastructure/SupabaseSiteRepository'[39m[0m

The export ERROR_CODES was not found in module [project]/src/lib/api/errors.ts [app-route] (ecmascript).
Did you mean to import ErrorCodes?
All exports of the module are statically known (It doesn't have dynamic exports). So it's known statically that the requested export doesn't exist.

Import trace:
  App Route:
    ./app/api/v1/properties/[propertyId]/sites/bulk/route.ts
    ./node_modules/@sentry/nextjs/build/cjs/config/withSentryConfig.js
    ./node_modules/@sentry/nextjs/build/cjs/index.server.js
    ./app/api/admin/sites/[id]/reservations/route.ts


./app/api/v1/properties/[propertyId]/sites/route.ts:26:1
Export ERROR_CODES doesn't exist in target module
[0m [90m 24 |[39m [36mimport[39m { createClient } [36mfrom[39m [32m'@/lib/supabase/server'[39m
 [90m 25 |[39m [36mimport[39m { success[33m,[39m error } [36mfrom[39m [32m'@/lib/api/response'[39m
[31m[1m>[22m[39m[90m 26 |[39m [36mimport[39m { [33mERROR_CODES[39m } [36mfrom[39m [32m'@/lib/api/errors'[39m
 [90m    |[39m [31m[1m^[22m[39m[31m[1m^[22m[39m[31m[1m^[22m[39m[31m[1m^[22m[39m[31m[1m^[22m[39m[31m[1m^[22m[39m[31m[1m^[22m[39m[31m[1m^[22m[39m[31m[1m^[22m[39m[31m[1m^[22m[39m[31m[1m^[22m[39m[31m[1m^[22m[39m[31m[1m^[22m[39m[31m[1m^[22m[39m[31m[1m^[22m[39m[31m[1m^[22m[39m[31m[1m^[22m[39m[31m[1m^[22m[39m[31m[1m^[22m[39m[31m[1m^[22m[39m[31m[1m^[22m[39m[31m[1m^[22m[39m[31m[1m^[22m[39m[31m[1m^[22m[39m[31m[1m^[22m[39m[31m[1m^[22m[39m[31m[1m^[22m[39m[31m[1m^[22m[39m[31m[1m^[22m[39m[31m[1m^[22m[39m[31m[1m^[22m[39m[31m[1m^[22m[39m[31m[1m^[22m[39m[31m[1m^[22m[39m[31m[1m^[22m[39m[31m[1m^[22m[39m[31m[1m^[22m[39m[31m[1m^[22m[39m[31m[1m^[22m[39m[31m[1m^[22m[39m[31m[1m^[22m[39m[31m[1m^[22m[39m[31m[1m^[22m[39m[31m[1m^[22m[39m[31m[1m^[22m[39m[31m[1m^[22m[39m
 [90m 27 |[39m [36mimport[39m {
 [90m 28 |[39m   [33mCreateSiteRequestSchema[39m[33m,[39m
 [90m 29 |[39m   [33mListSitesQuerySchema[39m[33m,[39m[0m

The export ERROR_CODES was not found in module [project]/src/lib/api/errors.ts [app-route] (ecmascript).
Did you mean to import ErrorCodes?
All exports of the module are statically known (It doesn't have dynamic exports). So it's known statically that the requested export doesn't exist.

Import trace:
  App Route:
    ./app/api/v1/properties/[propertyId]/sites/route.ts
    ./node_modules/@sentry/nextjs/build/cjs/config/withSentryConfig.js
    ./node_modules/@sentry/nextjs/build/cjs/index.server.js
    ./app/api/admin/sites/[id]/reservations/route.ts


./app/api/v1/properties/[propertyId]/stripe-account/route.ts:16:1
Export ERROR_CODES doesn't exist in target module
[0m [90m 14 |[39m [36mimport[39m { createClient } [36mfrom[39m [32m'@/lib/supabase/server'[39m
 [90m 15 |[39m [36mimport[39m { success[33m,[39m error } [36mfrom[39m [32m'@/lib/api/response'[39m
[31m[1m>[22m[39m[90m 16 |[39m [36mimport[39m { [33mERROR_CODES[39m } [36mfrom[39m [32m'@/lib/api/errors'[39m
 [90m    |[39m [31m[1m^[22m[39m[31m[1m^[22m[39m[31m[1m^[22m[39m[31m[1m^[22m[39m[31m[1m^[22m[39m[31m[1m^[22m[39m[31m[1m^[22m[39m[31m[1m^[22m[39m[31m[1m^[22m[39m[31m[1m^[22m[39m[31m[1m^[22m[39m[31m[1m^[22m[39m[31m[1m^[22m[39m[31m[1m^[22m[39m[31m[1m^[22m[39m[31m[1m^[22m[39m[31m[1m^[22m[39m[31m[1m^[22m[39m[31m[1m^[22m[39m[31m[1m^[22m[39m[31m[1m^[22m[39m[31m[1m^[22m[39m[31m[1m^[22m[39m[31m[1m^[22m[39m[31m[1m^[22m[39m[31m[1m^[22m[39m[31m[1m^[22m[39m[31m[1m^[22m[39m[31m[1m^[22m[39m[31m[1m^[22m[39m[31m[1m^[22m[39m[31m[1m^[22m[39m[31m[1m^[22m[39m[31m[1m^[22m[39m[31m[1m^[22m[39m[31m[1m^[22m[39m[31m[1m^[22m[39m[31m[1m^[22m[39m[31m[1m^[22m[39m[31m[1m^[22m[39m[31m[1m^[22m[39m[31m[1m^[22m[39m[31m[1m^[22m[39m[31m[1m^[22m[39m[31m[1m^[22m[39m[31m[1m^[22m[39m
 [90m 17 |[39m [36mimport[39m { [33mGetPropertyQueryHandler[39m } [36mfrom[39m [32m'@/modules/PropertyManagement/application/queries/GetPropertyQuery'[39m
 [90m 18 |[39m [36mimport[39m { [33mSupabasePropertyRepository[39m } [36mfrom[39m [32m'@/modules/PropertyManagement/infrastructure/SupabasePropertyRepository'[39m
 [90m 19 |[39m [36mimport[39m { [33mStripeConnectInfo[39m } [36mfrom[39m [32m'@/modules/PropertyManagement/domain/StripeConnectInfo'[39m[0m

The export ERROR_CODES was not found in module [project]/src/lib/api/errors.ts [app-route] (ecmascript).
Did you mean to import ErrorCodes?
All exports of the module are statically known (It doesn't have dynamic exports). So it's known statically that the requested export doesn't exist.

Import trace:
  App Route:
    ./app/api/v1/properties/[propertyId]/stripe-account/route.ts
    ./node_modules/@sentry/nextjs/build/cjs/config/withSentryConfig.js
    ./node_modules/@sentry/nextjs/build/cjs/index.server.js
    ./app/api/admin/sites/[id]/reservations/route.ts


./app/api/v1/properties/[propertyId]/wizard-progress/route.ts:17:1
Export ERROR_CODES doesn't exist in target module
[0m [90m 15 |[39m [36mimport[39m { createClient } [36mfrom[39m [32m'@/lib/supabase/server'[39m
 [90m 16 |[39m [36mimport[39m { success[33m,[39m error } [36mfrom[39m [32m'@/lib/api/response'[39m
[31m[1m>[22m[39m[90m 17 |[39m [36mimport[39m { [33mERROR_CODES[39m } [36mfrom[39m [32m'@/lib/api/errors'[39m
 [90m    |[39m [31m[1m^[22m[39m[31m[1m^[22m[39m[31m[1m^[22m[39m[31m[1m^[22m[39m[31m[1m^[22m[39m[31m[1m^[22m[39m[31m[1m^[22m[39m[31m[1m^[22m[39m[31m[1m^[22m[39m[31m[1m^[22m[39m[31m[1m^[22m[39m[31m[1m^[22m[39m[31m[1m^[22m[39m[31m[1m^[22m[39m[31m[1m^[22m[39m[31m[1m^[22m[39m[31m[1m^[22m[39m[31m[1m^[22m[39m[31m[1m^[22m[39m[31m[1m^[22m[39m[31m[1m^[22m[39m[31m[1m^[22m[39m[31m[1m^[22m[39m[31m[1m^[22m[39m[31m[1m^[22m[39m[31m[1m^[22m[39m[31m[1m^[22m[39m[31m[1m^[22m[39m[31m[1m^[22m[39m[31m[1m^[22m[39m[31m[1m^[22m[39m[31m[1m^[22m[39m[31m[1m^[22m[39m[31m[1m^[22m[39m[31m[1m^[22m[39m[31m[1m^[22m[39m[31m[1m^[22m[39m[31m[1m^[22m[39m[31m[1m^[22m[39m[31m[1m^[22m[39m[31m[1m^[22m[39m[31m[1m^[22m[39m[31m[1m^[22m[39m[31m[1m^[22m[39m[31m[1m^[22m[39m[31m[1m^[22m[39m
 [90m 18 |[39m [36mimport[39m { z } [36mfrom[39m [32m'zod'[39m
 [90m 19 |[39m
 [90m 20 |[39m [90m// Request validation schema[39m[0m

The export ERROR_CODES was not found in module [project]/src/lib/api/errors.ts [app-route] (ecmascript).
Did you mean to import ErrorCodes?
All exports of the module are statically known (It doesn't have dynamic exports). So it's known statically that the requested export doesn't exist.

Import trace:
  App Route:
    ./app/api/v1/properties/[propertyId]/wizard-progress/route.ts
    ./node_modules/@sentry/nextjs/build/cjs/config/withSentryConfig.js
    ./node_modules/@sentry/nextjs/build/cjs/index.server.js
    ./app/api/admin/sites/[id]/reservations/route.ts


./app/api/v1/properties/route.ts:30:1
Export ERROR_CODES doesn't exist in target module
[0m [90m 28 |[39m [36mimport[39m { createClient } [36mfrom[39m [32m'@/lib/supabase/server'[39m
 [90m 29 |[39m [36mimport[39m { success[33m,[39m error } [36mfrom[39m [32m'@/lib/api/response'[39m
[31m[1m>[22m[39m[90m 30 |[39m [36mimport[39m { [33mERROR_CODES[39m } [36mfrom[39m [32m'@/lib/api/errors'[39m
 [90m    |[39m [31m[1m^[22m[39m[31m[1m^[22m[39m[31m[1m^[22m[39m[31m[1m^[22m[39m[31m[1m^[22m[39m[31m[1m^[22m[39m[31m[1m^[22m[39m[31m[1m^[22m[39m[31m[1m^[22m[39m[31m[1m^[22m[39m[31m[1m^[22m[39m[31m[1m^[22m[39m[31m[1m^[22m[39m[31m[1m^[22m[39m[31m[1m^[22m[39m[31m[1m^[22m[39m[31m[1m^[22m[39m[31m[1m^[22m[39m[31m[1m^[22m[39m[31m[1m^[22m[39m[31m[1m^[22m[39m[31m[1m^[22m[39m[31m[1m^[22m[39m[31m[1m^[22m[39m[31m[1m^[22m[39m[31m[1m^[22m[39m[31m[1m^[22m[39m[31m[1m^[22m[39m[31m[1m^[22m[39m[31m[1m^[22m[39m[31m[1m^[22m[39m[31m[1m^[22m[39m[31m[1m^[22m[39m[31m[1m^[22m[39m[31m[1m^[22m[39m[31m[1m^[22m[39m[31m[1m^[22m[39m[31m[1m^[22m[39m[31m[1m^[22m[39m[31m[1m^[22m[39m[31m[1m^[22m[39m[31m[1m^[22m[39m[31m[1m^[22m[39m[31m[1m^[22m[39m[31m[1m^[22m[39m[31m[1m^[22m[39m
 [90m 31 |[39m [36mimport[39m {
 [90m 32 |[39m   [33mCreatePropertyRequestSchema[39m[33m,[39m
 [90m 33 |[39m   [33mListPropertiesQuerySchema[39m[33m,[39m[0m

The export ERROR_CODES was not found in module [project]/src/lib/api/errors.ts [app-route] (ecmascript).
Did you mean to import ErrorCodes?
All exports of the module are statically known (It doesn't have dynamic exports). So it's known statically that the requested export doesn't exist.

Import trace:
  App Route:
    ./app/api/v1/properties/route.ts
    ./node_modules/@sentry/nextjs/build/cjs/config/withSentryConfig.js
    ./node_modules/@sentry/nextjs/build/cjs/index.server.js
    ./app/api/admin/sites/[id]/reservations/route.ts


./app/api/v1/reservations/[id]/cancel/route.ts:12:1
Export ERROR_CODES doesn't exist in target module
[0m [90m 10 |[39m [36mimport[39m { createClient } [36mfrom[39m [32m'@/lib/supabase/server'[39m
 [90m 11 |[39m [36mimport[39m { success[33m,[39m error } [36mfrom[39m [32m'@/lib/api/response'[39m
[31m[1m>[22m[39m[90m 12 |[39m [36mimport[39m { [33mERROR_CODES[39m } [36mfrom[39m [32m'@/lib/api/errors'[39m
 [90m    |[39m [31m[1m^[22m[39m[31m[1m^[22m[39m[31m[1m^[22m[39m[31m[1m^[22m[39m[31m[1m^[22m[39m[31m[1m^[22m[39m[31m[1m^[22m[39m[31m[1m^[22m[39m[31m[1m^[22m[39m[31m[1m^[22m[39m[31m[1m^[22m[39m[31m[1m^[22m[39m[31m[1m^[22m[39m[31m[1m^[22m[39m[31m[1m^[22m[39m[31m[1m^[22m[39m[31m[1m^[22m[39m[31m[1m^[22m[39m[31m[1m^[22m[39m[31m[1m^[22m[39m[31m[1m^[22m[39m[31m[1m^[22m[39m[31m[1m^[22m[39m[31m[1m^[22m[39m[31m[1m^[22m[39m[31m[1m^[22m[39m[31m[1m^[22m[39m[31m[1m^[22m[39m[31m[1m^[22m[39m[31m[1m^[22m[39m[31m[1m^[22m[39m[31m[1m^[22m[39m[31m[1m^[22m[39m[31m[1m^[22m[39m[31m[1m^[22m[39m[31m[1m^[22m[39m[31m[1m^[22m[39m[31m[1m^[22m[39m[31m[1m^[22m[39m[31m[1m^[22m[39m[31m[1m^[22m[39m[31m[1m^[22m[39m[31m[1m^[22m[39m[31m[1m^[22m[39m[31m[1m^[22m[39m[31m[1m^[22m[39m
 [90m 13 |[39m [36mimport[39m {
 [90m 14 |[39m   [33mCancelReservationRequestSchema[39m[33m,[39m
 [90m 15 |[39m   type [33mCancelReservationRequest[39m[33m,[39m[0m

The export ERROR_CODES was not found in module [project]/src/lib/api/errors.ts [app-route] (ecmascript).
Did you mean to import ErrorCodes?
All exports of the module are statically known (It doesn't have dynamic exports). So it's known statically that the requested export doesn't exist.

Import trace:
  App Route:
    ./app/api/v1/reservations/[id]/cancel/route.ts
    ./node_modules/@sentry/nextjs/build/cjs/config/withSentryConfig.js
    ./node_modules/@sentry/nextjs/build/cjs/index.server.js
    ./app/api/admin/sites/[id]/reservations/route.ts


./app/api/v1/reservations/[id]/check-in/route.ts:12:1
Export ERROR_CODES doesn't exist in target module
[0m [90m 10 |[39m [36mimport[39m { createClient } [36mfrom[39m [32m'@/lib/supabase/server'[39m
 [90m 11 |[39m [36mimport[39m { success[33m,[39m error } [36mfrom[39m [32m'@/lib/api/response'[39m
[31m[1m>[22m[39m[90m 12 |[39m [36mimport[39m { [33mERROR_CODES[39m } [36mfrom[39m [32m'@/lib/api/errors'[39m
 [90m    |[39m [31m[1m^[22m[39m[31m[1m^[22m[39m[31m[1m^[22m[39m[31m[1m^[22m[39m[31m[1m^[22m[39m[31m[1m^[22m[39m[31m[1m^[22m[39m[31m[1m^[22m[39m[31m[1m^[22m[39m[31m[1m^[22m[39m[31m[1m^[22m[39m[31m[1m^[22m[39m[31m[1m^[22m[39m[31m[1m^[22m[39m[31m[1m^[22m[39m[31m[1m^[22m[39m[31m[1m^[22m[39m[31m[1m^[22m[39m[31m[1m^[22m[39m[31m[1m^[22m[39m[31m[1m^[22m[39m[31m[1m^[22m[39m[31m[1m^[22m[39m[31m[1m^[22m[39m[31m[1m^[22m[39m[31m[1m^[22m[39m[31m[1m^[22m[39m[31m[1m^[22m[39m[31m[1m^[22m[39m[31m[1m^[22m[39m[31m[1m^[22m[39m[31m[1m^[22m[39m[31m[1m^[22m[39m[31m[1m^[22m[39m[31m[1m^[22m[39m[31m[1m^[22m[39m[31m[1m^[22m[39m[31m[1m^[22m[39m[31m[1m^[22m[39m[31m[1m^[22m[39m[31m[1m^[22m[39m[31m[1m^[22m[39m[31m[1m^[22m[39m[31m[1m^[22m[39m[31m[1m^[22m[39m[31m[1m^[22m[39m
 [90m 13 |[39m [36mimport[39m {
 [90m 14 |[39m   [33mCheckInRequestSchema[39m[33m,[39m
 [90m 15 |[39m   type [33mCheckInRequest[39m[33m,[39m[0m

The export ERROR_CODES was not found in module [project]/src/lib/api/errors.ts [app-route] (ecmascript).
Did you mean to import ErrorCodes?
All exports of the module are statically known (It doesn't have dynamic exports). So it's known statically that the requested export doesn't exist.

Import trace:
  App Route:
    ./app/api/v1/reservations/[id]/check-in/route.ts
    ./node_modules/@sentry/nextjs/build/cjs/config/withSentryConfig.js
    ./node_modules/@sentry/nextjs/build/cjs/index.server.js
    ./app/api/admin/sites/[id]/reservations/route.ts


./app/api/v1/reservations/[id]/check-out/route.ts:12:1
Export ERROR_CODES doesn't exist in target module
[0m [90m 10 |[39m [36mimport[39m { createClient } [36mfrom[39m [32m'@/lib/supabase/server'[39m
 [90m 11 |[39m [36mimport[39m { success[33m,[39m error } [36mfrom[39m [32m'@/lib/api/response'[39m
[31m[1m>[22m[39m[90m 12 |[39m [36mimport[39m { [33mERROR_CODES[39m } [36mfrom[39m [32m'@/lib/api/errors'[39m
 [90m    |[39m [31m[1m^[22m[39m[31m[1m^[22m[39m[31m[1m^[22m[39m[31m[1m^[22m[39m[31m[1m^[22m[39m[31m[1m^[22m[39m[31m[1m^[22m[39m[31m[1m^[22m[39m[31m[1m^[22m[39m[31m[1m^[22m[39m[31m[1m^[22m[39m[31m[1m^[22m[39m[31m[1m^[22m[39m[31m[1m^[22m[39m[31m[1m^[22m[39m[31m[1m^[22m[39m[31m[1m^[22m[39m[31m[1m^[22m[39m[31m[1m^[22m[39m[31m[1m^[22m[39m[31m[1m^[22m[39m[31m[1m^[22m[39m[31m[1m^[22m[39m[31m[1m^[22m[39m[31m[1m^[22m[39m[31m[1m^[22m[39m[31m[1m^[22m[39m[31m[1m^[22m[39m[31m[1m^[22m[39m[31m[1m^[22m[39m[31m[1m^[22m[39m[31m[1m^[22m[39m[31m[1m^[22m[39m[31m[1m^[22m[39m[31m[1m^[22m[39m[31m[1m^[22m[39m[31m[1m^[22m[39m[31m[1m^[22m[39m[31m[1m^[22m[39m[31m[1m^[22m[39m[31m[1m^[22m[39m[31m[1m^[22m[39m[31m[1m^[22m[39m[31m[1m^[22m[39m[31m[1m^[22m[39m[31m[1m^[22m[39m
 [90m 13 |[39m [36mimport[39m {
 [90m 14 |[39m   [33mCheckOutRequestSchema[39m[33m,[39m
 [90m 15 |[39m   type [33mCheckOutRequest[39m[33m,[39m[0m

The export ERROR_CODES was not found in module [project]/src/lib/api/errors.ts [app-route] (ecmascript).
Did you mean to import ErrorCodes?
All exports of the module are statically known (It doesn't have dynamic exports). So it's known statically that the requested export doesn't exist.

Import trace:
  App Route:
    ./app/api/v1/reservations/[id]/check-out/route.ts
    ./node_modules/@sentry/nextjs/build/cjs/config/withSentryConfig.js
    ./node_modules/@sentry/nextjs/build/cjs/index.server.js
    ./app/api/admin/sites/[id]/reservations/route.ts


./app/api/v1/reservations/[id]/confirm/route.ts:12:1
Export ERROR_CODES doesn't exist in target module
[0m [90m 10 |[39m [36mimport[39m { createClient } [36mfrom[39m [32m'@/lib/supabase/server'[39m
 [90m 11 |[39m [36mimport[39m { success[33m,[39m error } [36mfrom[39m [32m'@/lib/api/response'[39m
[31m[1m>[22m[39m[90m 12 |[39m [36mimport[39m { [33mERROR_CODES[39m } [36mfrom[39m [32m'@/lib/api/errors'[39m
 [90m    |[39m [31m[1m^[22m[39m[31m[1m^[22m[39m[31m[1m^[22m[39m[31m[1m^[22m[39m[31m[1m^[22m[39m[31m[1m^[22m[39m[31m[1m^[22m[39m[31m[1m^[22m[39m[31m[1m^[22m[39m[31m[1m^[22m[39m[31m[1m^[22m[39m[31m[1m^[22m[39m[31m[1m^[22m[39m[31m[1m^[22m[39m[31m[1m^[22m[39m[31m[1m^[22m[39m[31m[1m^[22m[39m[31m[1m^[22m[39m[31m[1m^[22m[39m[31m[1m^[22m[39m[31m[1m^[22m[39m[31m[1m^[22m[39m[31m[1m^[22m[39m[31m[1m^[22m[39m[31m[1m^[22m[39m[31m[1m^[22m[39m[31m[1m^[22m[39m[31m[1m^[22m[39m[31m[1m^[22m[39m[31m[1m^[22m[39m[31m[1m^[22m[39m[31m[1m^[22m[39m[31m[1m^[22m[39m[31m[1m^[22m[39m[31m[1m^[22m[39m[31m[1m^[22m[39m[31m[1m^[22m[39m[31m[1m^[22m[39m[31m[1m^[22m[39m[31m[1m^[22m[39m[31m[1m^[22m[39m[31m[1m^[22m[39m[31m[1m^[22m[39m[31m[1m^[22m[39m[31m[1m^[22m[39m[31m[1m^[22m[39m
 [90m 13 |[39m [36mimport[39m { [33mConfirmReservationCommandHandler[39m } [36mfrom[39m [32m'@/modules/BookingEngine/application/commands/ConfirmReservationCommand'[39m
 [90m 14 |[39m [36mimport[39m { [33mGetReservationQueryHandler[39m } [36mfrom[39m [32m'@/modules/BookingEngine/application/queries/GetReservationQuery'[39m
 [90m 15 |[39m [36mimport[39m { [33mSupabaseReservationRepository[39m } [36mfrom[39m [32m'@/modules/BookingEngine/infrastructure/SupabaseReservationRepository'[39m[0m

The export ERROR_CODES was not found in module [project]/src/lib/api/errors.ts [app-route] (ecmascript).
Did you mean to import ErrorCodes?
All exports of the module are statically known (It doesn't have dynamic exports). So it's known statically that the requested export doesn't exist.

Import trace:
  App Route:
    ./app/api/v1/reservations/[id]/confirm/route.ts
    ./node_modules/@sentry/nextjs/build/cjs/config/withSentryConfig.js
    ./node_modules/@sentry/nextjs/build/cjs/index.server.js
    ./app/api/admin/sites/[id]/reservations/route.ts


./app/api/v1/reservations/[id]/payment/route.ts:12:1
Export ERROR_CODES doesn't exist in target module
[0m [90m 10 |[39m [36mimport[39m { createClient } [36mfrom[39m [32m'@/lib/supabase/server'[39m
 [90m 11 |[39m [36mimport[39m { success[33m,[39m error } [36mfrom[39m [32m'@/lib/api/response'[39m
[31m[1m>[22m[39m[90m 12 |[39m [36mimport[39m { [33mERROR_CODES[39m } [36mfrom[39m [32m'@/lib/api/errors'[39m
 [90m    |[39m [31m[1m^[22m[39m[31m[1m^[22m[39m[31m[1m^[22m[39m[31m[1m^[22m[39m[31m[1m^[22m[39m[31m[1m^[22m[39m[31m[1m^[22m[39m[31m[1m^[22m[39m[31m[1m^[22m[39m[31m[1m^[22m[39m[31m[1m^[22m[39m[31m[1m^[22m[39m[31m[1m^[22m[39m[31m[1m^[22m[39m[31m[1m^[22m[39m[31m[1m^[22m[39m[31m[1m^[22m[39m[31m[1m^[22m[39m[31m[1m^[22m[39m[31m[1m^[22m[39m[31m[1m^[22m[39m[31m[1m^[22m[39m[31m[1m^[22m[39m[31m[1m^[22m[39m[31m[1m^[22m[39m[31m[1m^[22m[39m[31m[1m^[22m[39m[31m[1m^[22m[39m[31m[1m^[22m[39m[31m[1m^[22m[39m[31m[1m^[22m[39m[31m[1m^[22m[39m[31m[1m^[22m[39m[31m[1m^[22m[39m[31m[1m^[22m[39m[31m[1m^[22m[39m[31m[1m^[22m[39m[31m[1m^[22m[39m[31m[1m^[22m[39m[31m[1m^[22m[39m[31m[1m^[22m[39m[31m[1m^[22m[39m[31m[1m^[22m[39m[31m[1m^[22m[39m[31m[1m^[22m[39m[31m[1m^[22m[39m
 [90m 13 |[39m [36mimport[39m {
 [90m 14 |[39m   [33mRecordPaymentRequestSchema[39m[33m,[39m
 [90m 15 |[39m   type [33mRecordPaymentRequest[39m[33m,[39m[0m

The export ERROR_CODES was not found in module [project]/src/lib/api/errors.ts [app-route] (ecmascript).
Did you mean to import ErrorCodes?
All exports of the module are statically known (It doesn't have dynamic exports). So it's known statically that the requested export doesn't exist.

Import trace:
  App Route:
    ./app/api/v1/reservations/[id]/payment/route.ts
    ./node_modules/@sentry/nextjs/build/cjs/config/withSentryConfig.js
    ./node_modules/@sentry/nextjs/build/cjs/index.server.js
    ./app/api/admin/sites/[id]/reservations/route.ts


./app/api/v1/reservations/[id]/route.ts:12:1
Export ERROR_CODES doesn't exist in target module
[0m [90m 10 |[39m [36mimport[39m { createClient } [36mfrom[39m [32m'@/lib/supabase/server'[39m
 [90m 11 |[39m [36mimport[39m { success[33m,[39m error } [36mfrom[39m [32m'@/lib/api/response'[39m
[31m[1m>[22m[39m[90m 12 |[39m [36mimport[39m { [33mERROR_CODES[39m } [36mfrom[39m [32m'@/lib/api/errors'[39m
 [90m    |[39m [31m[1m^[22m[39m[31m[1m^[22m[39m[31m[1m^[22m[39m[31m[1m^[22m[39m[31m[1m^[22m[39m[31m[1m^[22m[39m[31m[1m^[22m[39m[31m[1m^[22m[39m[31m[1m^[22m[39m[31m[1m^[22m[39m[31m[1m^[22m[39m[31m[1m^[22m[39m[31m[1m^[22m[39m[31m[1m^[22m[39m[31m[1m^[22m[39m[31m[1m^[22m[39m[31m[1m^[22m[39m[31m[1m^[22m[39m[31m[1m^[22m[39m[31m[1m^[22m[39m[31m[1m^[22m[39m[31m[1m^[22m[39m[31m[1m^[22m[39m[31m[1m^[22m[39m[31m[1m^[22m[39m[31m[1m^[22m[39m[31m[1m^[22m[39m[31m[1m^[22m[39m[31m[1m^[22m[39m[31m[1m^[22m[39m[31m[1m^[22m[39m[31m[1m^[22m[39m[31m[1m^[22m[39m[31m[1m^[22m[39m[31m[1m^[22m[39m[31m[1m^[22m[39m[31m[1m^[22m[39m[31m[1m^[22m[39m[31m[1m^[22m[39m[31m[1m^[22m[39m[31m[1m^[22m[39m[31m[1m^[22m[39m[31m[1m^[22m[39m[31m[1m^[22m[39m[31m[1m^[22m[39m[31m[1m^[22m[39m
 [90m 13 |[39m [36mimport[39m { [33mGetReservationQueryHandler[39m } [36mfrom[39m [32m'@/modules/BookingEngine/application/queries/GetReservationQuery'[39m
 [90m 14 |[39m [36mimport[39m { [33mSupabaseReservationRepository[39m } [36mfrom[39m [32m'@/modules/BookingEngine/infrastructure/SupabaseReservationRepository'[39m
 [90m 15 |[39m [36mimport[39m { toReservationDTO } [36mfrom[39m [32m'@/modules/BookingEngine/application/DTOs/ReservationDTO'[39m[0m

The export ERROR_CODES was not found in module [project]/src/lib/api/errors.ts [app-route] (ecmascript).
Did you mean to import ErrorCodes?
All exports of the module are statically known (It doesn't have dynamic exports). So it's known statically that the requested export doesn't exist.

Import trace:
  App Route:
    ./app/api/v1/reservations/[id]/route.ts
    ./node_modules/@sentry/nextjs/build/cjs/config/withSentryConfig.js
    ./node_modules/@sentry/nextjs/build/cjs/index.server.js
    ./app/api/admin/sites/[id]/reservations/route.ts


./app/api/v1/sites/[id]/route.ts:19:1
Export ERROR_CODES doesn't exist in target module
[0m [90m 17 |[39m [36mimport[39m { createClient } [36mfrom[39m [32m'@/lib/supabase/server'[39m
 [90m 18 |[39m [36mimport[39m { success[33m,[39m error } [36mfrom[39m [32m'@/lib/api/response'[39m
[31m[1m>[22m[39m[90m 19 |[39m [36mimport[39m { [33mERROR_CODES[39m } [36mfrom[39m [32m'@/lib/api/errors'[39m
 [90m    |[39m [31m[1m^[22m[39m[31m[1m^[22m[39m[31m[1m^[22m[39m[31m[1m^[22m[39m[31m[1m^[22m[39m[31m[1m^[22m[39m[31m[1m^[22m[39m[31m[1m^[22m[39m[31m[1m^[22m[39m[31m[1m^[22m[39m[31m[1m^[22m[39m[31m[1m^[22m[39m[31m[1m^[22m[39m[31m[1m^[22m[39m[31m[1m^[22m[39m[31m[1m^[22m[39m[31m[1m^[22m[39m[31m[1m^[22m[39m[31m[1m^[22m[39m[31m[1m^[22m[39m[31m[1m^[22m[39m[31m[1m^[22m[39m[31m[1m^[22m[39m[31m[1m^[22m[39m[31m[1m^[22m[39m[31m[1m^[22m[39m[31m[1m^[22m[39m[31m[1m^[22m[39m[31m[1m^[22m[39m[31m[1m^[22m[39m[31m[1m^[22m[39m[31m[1m^[22m[39m[31m[1m^[22m[39m[31m[1m^[22m[39m[31m[1m^[22m[39m[31m[1m^[22m[39m[31m[1m^[22m[39m[31m[1m^[22m[39m[31m[1m^[22m[39m[31m[1m^[22m[39m[31m[1m^[22m[39m[31m[1m^[22m[39m[31m[1m^[22m[39m[31m[1m^[22m[39m[31m[1m^[22m[39m[31m[1m^[22m[39m
 [90m 20 |[39m [36mimport[39m {
 [90m 21 |[39m   [33mUpdateSiteRequestSchema[39m[33m,[39m
 [90m 22 |[39m   type [33mUpdateSiteRequest[39m[33m,[39m[0m

The export ERROR_CODES was not found in module [project]/src/lib/api/errors.ts [app-route] (ecmascript).
Did you mean to import ErrorCodes?
All exports of the module are statically known (It doesn't have dynamic exports). So it's known statically that the requested export doesn't exist.

Import trace:
  App Route:
    ./app/api/v1/sites/[id]/route.ts
    ./node_modules/@sentry/nextjs/build/cjs/config/withSentryConfig.js
    ./node_modules/@sentry/nextjs/build/cjs/index.server.js
    ./app/api/admin/sites/[id]/reservations/route.ts


./app/api/v1/sites/[siteId]/availability/route.ts:12:1
Export ERROR_CODES doesn't exist in target module
[0m [90m 10 |[39m [36mimport[39m { createClient } [36mfrom[39m [32m'@/lib/supabase/server'[39m
 [90m 11 |[39m [36mimport[39m { success[33m,[39m error } [36mfrom[39m [32m'@/lib/api/response'[39m
[31m[1m>[22m[39m[90m 12 |[39m [36mimport[39m { [33mERROR_CODES[39m } [36mfrom[39m [32m'@/lib/api/errors'[39m
 [90m    |[39m [31m[1m^[22m[39m[31m[1m^[22m[39m[31m[1m^[22m[39m[31m[1m^[22m[39m[31m[1m^[22m[39m[31m[1m^[22m[39m[31m[1m^[22m[39m[31m[1m^[22m[39m[31m[1m^[22m[39m[31m[1m^[22m[39m[31m[1m^[22m[39m[31m[1m^[22m[39m[31m[1m^[22m[39m[31m[1m^[22m[39m[31m[1m^[22m[39m[31m[1m^[22m[39m[31m[1m^[22m[39m[31m[1m^[22m[39m[31m[1m^[22m[39m[31m[1m^[22m[39m[31m[1m^[22m[39m[31m[1m^[22m[39m[31m[1m^[22m[39m[31m[1m^[22m[39m[31m[1m^[22m[39m[31m[1m^[22m[39m[31m[1m^[22m[39m[31m[1m^[22m[39m[31m[1m^[22m[39m[31m[1m^[22m[39m[31m[1m^[22m[39m[31m[1m^[22m[39m[31m[1m^[22m[39m[31m[1m^[22m[39m[31m[1m^[22m[39m[31m[1m^[22m[39m[31m[1m^[22m[39m[31m[1m^[22m[39m[31m[1m^[22m[39m[31m[1m^[22m[39m[31m[1m^[22m[39m[31m[1m^[22m[39m[31m[1m^[22m[39m[31m[1m^[22m[39m[31m[1m^[22m[39m[31m[1m^[22m[39m
 [90m 13 |[39m [36mimport[39m { [33mCheckAvailabilityQuerySchema[39m } [36mfrom[39m [32m'@/types/api/v1/schemas/reservations'[39m
 [90m 14 |[39m [36mimport[39m { [33mCheckSiteAvailabilityQueryHandler[39m } [36mfrom[39m [32m'@/modules/BookingEngine/application/queries/CheckSiteAvailabilityQuery'[39m
 [90m 15 |[39m [36mimport[39m { [33mSupabaseReservationRepository[39m } [36mfrom[39m [32m'@/modules/BookingEngine/infrastructure/SupabaseReservationRepository'[39m[0m

The export ERROR_CODES was not found in module [project]/src/lib/api/errors.ts [app-route] (ecmascript).
Did you mean to import ErrorCodes?
All exports of the module are statically known (It doesn't have dynamic exports). So it's known statically that the requested export doesn't exist.

Import trace:
  App Route:
    ./app/api/v1/sites/[siteId]/availability/route.ts
    ./node_modules/@sentry/nextjs/build/cjs/config/withSentryConfig.js
    ./node_modules/@sentry/nextjs/build/cjs/index.server.js
    ./app/api/admin/sites/[id]/reservations/route.ts


./app/api/v1/sites/[id]/route.ts:24:1
Export GetSiteQuery doesn't exist in target module
[0m [90m 22 |[39m   type [33mUpdateSiteRequest[39m[33m,[39m
 [90m 23 |[39m } [36mfrom[39m [32m'@/types/api/v1/schemas/sites'[39m
[31m[1m>[22m[39m[90m 24 |[39m [36mimport[39m { [33mGetSiteQuery[39m } [36mfrom[39m [32m'@/modules/SiteManagement/application/queries/GetSiteQuery'[39m
 [90m    |[39m [31m[1m^[22m[39m[31m[1m^[22m[39m[31m[1m^[22m[39m[31m[1m^[22m[39m[31m[1m^[22m[39m[31m[1m^[22m[39m[31m[1m^[22m[39m[31m[1m^[22m[39m[31m[1m^[22m[39m[31m[1m^[22m[39m[31m[1m^[22m[39m[31m[1m^[22m[39m[31m[1m^[22m[39m[31m[1m^[22m[39m[31m[1m^[22m[39m[31m[1m^[22m[39m[31m[1m^[22m[39m[31m[1m^[22m[39m[31m[1m^[22m[39m[31m[1m^[22m[39m[31m[1m^[22m[39m[31m[1m^[22m[39m[31m[1m^[22m[39m[31m[1m^[22m[39m[31m[1m^[22m[39m[31m[1m^[22m[39m[31m[1m^[22m[39m[31m[1m^[22m[39m[31m[1m^[22m[39m[31m[1m^[22m[39m[31m[1m^[22m[39m[31m[1m^[22m[39m[31m[1m^[22m[39m[31m[1m^[22m[39m[31m[1m^[22m[39m[31m[1m^[22m[39m[31m[1m^[22m[39m[31m[1m^[22m[39m[31m[1m^[22m[39m[31m[1m^[22m[39m[31m[1m^[22m[39m[31m[1m^[22m[39m[31m[1m^[22m[39m[31m[1m^[22m[39m[31m[1m^[22m[39m[31m[1m^[22m[39m[31m[1m^[22m[39m[31m[1m^[22m[39m[31m[1m^[22m[39m[31m[1m^[22m[39m[31m[1m^[22m[39m[31m[1m^[22m[39m[31m[1m^[22m[39m[31m[1m^[22m[39m[31m[1m^[22m[39m[31m[1m^[22m[39m[31m[1m^[22m[39m[31m[1m^[22m[39m[31m[1m^[22m[39m[31m[1m^[22m[39m[31m[1m^[22m[39m[31m[1m^[22m[39m[31m[1m^[22m[39m[31m[1m^[22m[39m[31m[1m^[22m[39m[31m[1m^[22m[39m[31m[1m^[22m[39m[31m[1m^[22m[39m[31m[1m^[22m[39m[31m[1m^[22m[39m[31m[1m^[22m[39m[31m[1m^[22m[39m[31m[1m^[22m[39m[31m[1m^[22m[39m[31m[1m^[22m[39m[31m[1m^[22m[39m[31m[1m^[22m[39m[31m[1m^[22m[39m[31m[1m^[22m[39m[31m[1m^[22m[39m[31m[1m^[22m[39m[31m[1m^[22m[39m[31m[1m^[22m[39m[31m[1m^[22m[39m[31m[1m^[22m[39m[31m[1m^[22m[39m[31m[1m^[22m[39m[31m[1m^[22m[39m
 [90m 25 |[39m [36mimport[39m { [33mUpdateSiteCommand[39m } [36mfrom[39m [32m'@/modules/SiteManagement/application/commands/UpdateSiteCommand'[39m
 [90m 26 |[39m [36mimport[39m { [33mSupabaseSiteRepository[39m } [36mfrom[39m [32m'@/modules/SiteManagement/infrastructure/SupabaseSiteRepository'[39m
 [90m 27 |[39m [36mimport[39m { [33mInMemoryEventBus[39m } [36mfrom[39m [32m'@/shared/infrastructure/eventBus/InMemoryEventBus'[39m[0m

The export GetSiteQuery was not found in module [project]/src/modules/SiteManagement/application/queries/GetSiteQuery.ts [app-route] (ecmascript).
Did you mean to import GetSiteQueryHandler?
All exports of the module are statically known (It doesn't have dynamic exports). So it's known statically that the requested export doesn't exist.

Import trace:
  App Route:
    ./app/api/v1/sites/[id]/route.ts
    ./node_modules/@sentry/nextjs/build/cjs/config/withSentryConfig.js
    ./node_modules/@sentry/nextjs/build/cjs/index.server.js
    ./app/api/admin/sites/[id]/reservations/route.ts


./app/api/v1/properties/[propertyId]/sites/route.ts:33:1
Export ListSitesQuery doesn't exist in target module
[0m [90m 31 |[39m   type [33mListSitesQuery[39m[33m,[39m
 [90m 32 |[39m } [36mfrom[39m [32m'@/types/api/v1/schemas/sites'[39m
[31m[1m>[22m[39m[90m 33 |[39m [36mimport[39m { [33mListSitesQuery[39m [36mas[39m [33mListSitesQueryHandler[39m } [36mfrom[39m [32m'@/modules/SiteManagement/application/queries/ListSitesQuery'[39m
 [90m    |[39m [31m[1m^[22m[39m[31m[1m^[22m[39m[31m[1m^[22m[39m[31m[1m^[22m[39m[31m[1m^[22m[39m[31m[1m^[22m[39m[31m[1m^[22m[39m[31m[1m^[22m[39m[31m[1m^[22m[39m[31m[1m^[22m[39m[31m[1m^[22m[39m[31m[1m^[22m[39m[31m[1m^[22m[39m[31m[1m^[22m[39m[31m[1m^[22m[39m[31m[1m^[22m[39m[31m[1m^[22m[39m[31m[1m^[22m[39m[31m[1m^[22m[39m[31m[1m^[22m[39m[31m[1m^[22m[39m[31m[1m^[22m[39m[31m[1m^[22m[39m[31m[1m^[22m[39m[31m[1m^[22m[39m[31m[1m^[22m[39m[31m[1m^[22m[39m[31m[1m^[22m[39m[31m[1m^[22m[39m[31m[1m^[22m[39m[31m[1m^[22m[39m[31m[1m^[22m[39m[31m[1m^[22m[39m[31m[1m^[22m[39m[31m[1m^[22m[39m[31m[1m^[22m[39m[31m[1m^[22m[39m[31m[1m^[22m[39m[31m[1m^[22m[39m[31m[1m^[22m[39m[31m[1m^[22m[39m[31m[1m^[22m[39m[31m[1m^[22m[39m[31m[1m^[22m[39m[31m[1m^[22m[39m[31m[1m^[22m[39m[31m[1m^[22m[39m[31m[1m^[22m[39m[31m[1m^[22m[39m[31m[1m^[22m[39m[31m[1m^[22m[39m[31m[1m^[22m[39m[31m[1m^[22m[39m[31m[1m^[22m[39m[31m[1m^[22m[39m[31m[1m^[22m[39m[31m[1m^[22m[39m[31m[1m^[22m[39m[31m[1m^[22m[39m[31m[1m^[22m[39m[31m[1m^[22m[39m[31m[1m^[22m[39m[31m[1m^[22m[39m[31m[1m^[22m[39m[31m[1m^[22m[39m[31m[1m^[22m[39m[31m[1m^[22m[39m[31m[1m^[22m[39m[31m[1m^[22m[39m[31m[1m^[22m[39m[31m[1m^[22m[39m[31m[1m^[22m[39m[31m[1m^[22m[39m[31m[1m^[22m[39m[31m[1m^[22m[39m[31m[1m^[22m[39m[31m[1m^[22m[39m[31m[1m^[22m[39m[31m[1m^[22m[39m[31m[1m^[22m[39m[31m[1m^[22m[39m[31m[1m^[22m[39m[31m[1m^[22m[39m[31m[1m^[22m[39m[31m[1m^[22m[39m[31m[1m^[22m[39m[31m[1m^[22m[39m[31m[1m^[22m[39m[31m[1m^[22m[39m[31m[1m^[22m[39m[31m[1m^[22m[39m[31m[1m^[22m[39m[31m[1m^[22m[39m[31m[1m^[22m[39m[31m[1m^[22m[39m[31m[1m^[22m[39m[31m[1m^[22m[39m[31m[1m^[22m[39m[31m[1m^[22m[39m[31m[1m^[22m[39m[31m[1m^[22m[39m[31m[1m^[22m[39m[31m[1m^[22m[39m[31m[1m^[22m[39m[31m[1m^[22m[39m[31m[1m^[22m[39m[31m[1m^[22m[39m[31m[1m^[22m[39m[31m[1m^[22m[39m[31m[1m^[22m[39m[31m[1m^[22m[39m[31m[1m^[22m[39m[31m[1m^[22m[39m[31m[1m^[22m[39m[31m[1m^[22m[39m[31m[1m^[22m[39m[31m[1m^[22m[39m
 [90m 34 |[39m [36mimport[39m { [33mCreateSiteCommand[39m } [36mfrom[39m [32m'@/modules/SiteManagement/application/commands/CreateSiteCommand'[39m
 [90m 35 |[39m [36mimport[39m { [33mSupabaseSiteRepository[39m } [36mfrom[39m [32m'@/modules/SiteManagement/infrastructure/SupabaseSiteRepository'[39m
 [90m 36 |[39m [36mimport[39m { [33mInMemoryEventBus[39m } [36mfrom[39m [32m'@/shared/infrastructure/eventBus/InMemoryEventBus'[39m[0m

The export ListSitesQuery was not found in module [project]/src/modules/SiteManagement/application/queries/ListSitesQuery.ts [app-route] (ecmascript).
Did you mean to import ListSitesQueryHandler?
All exports of the module are statically known (It doesn't have dynamic exports). So it's known statically that the requested export doesn't exist.

Import trace:
  App Route:
    ./app/api/v1/properties/[propertyId]/sites/route.ts
    ./node_modules/@sentry/nextjs/build/cjs/config/withSentryConfig.js
    ./node_modules/@sentry/nextjs/build/cjs/index.server.js
    ./app/api/admin/sites/[id]/reservations/route.ts


./app/api/v1/sites/[id]/route.ts:25:1
Export UpdateSiteCommand doesn't exist in target module
[0m [90m 23 |[39m } [36mfrom[39m [32m'@/types/api/v1/schemas/sites'[39m
 [90m 24 |[39m [36mimport[39m { [33mGetSiteQuery[39m } [36mfrom[39m [32m'@/modules/SiteManagement/application/queries/GetSiteQuery'[39m
[31m[1m>[22m[39m[90m 25 |[39m [36mimport[39m { [33mUpdateSiteCommand[39m } [36mfrom[39m [32m'@/modules/SiteManagement/application/commands/UpdateSiteCommand'[39m
 [90m    |[39m [31m[1m^[22m[39m[31m[1m^[22m[39m[31m[1m^[22m[39m[31m[1m^[22m[39m[31m[1m^[22m[39m[31m[1m^[22m[39m[31m[1m^[22m[39m[31m[1m^[22m[39m[31m[1m^[22m[39m[31m[1m^[22m[39m[31m[1m^[22m[39m[31m[1m^[22m[39m[31m[1m^[22m[39m[31m[1m^[22m[39m[31m[1m^[22m[39m[31m[1m^[22m[39m[31m[1m^[22m[39m[31m[1m^[22m[39m[31m[1m^[22m[39m[31m[1m^[22m[39m[31m[1m^[22m[39m[31m[1m^[22m[39m[31m[1m^[22m[39m[31m[1m^[22m[39m[31m[1m^[22m[39m[31m[1m^[22m[39m[31m[1m^[22m[39m[31m[1m^[22m[39m[31m[1m^[22m[39m[31m[1m^[22m[39m[31m[1m^[22m[39m[31m[1m^[22m[39m[31m[1m^[22m[39m[31m[1m^[22m[39m[31m[1m^[22m[39m[31m[1m^[22m[39m[31m[1m^[22m[39m[31m[1m^[22m[39m[31m[1m^[22m[39m[31m[1m^[22m[39m[31m[1m^[22m[39m[31m[1m^[22m[39m[31m[1m^[22m[39m[31m[1m^[22m[39m[31m[1m^[22m[39m[31m[1m^[22m[39m[31m[1m^[22m[39m[31m[1m^[22m[39m[31m[1m^[22m[39m[31m[1m^[22m[39m[31m[1m^[22m[39m[31m[1m^[22m[39m[31m[1m^[22m[39m[31m[1m^[22m[39m[31m[1m^[22m[39m[31m[1m^[22m[39m[31m[1m^[22m[39m[31m[1m^[22m[39m[31m[1m^[22m[39m[31m[1m^[22m[39m[31m[1m^[22m[39m[31m[1m^[22m[39m[31m[1m^[22m[39m[31m[1m^[22m[39m[31m[1m^[22m[39m[31m[1m^[22m[39m[31m[1m^[22m[39m[31m[1m^[22m[39m[31m[1m^[22m[39m[31m[1m^[22m[39m[31m[1m^[22m[39m[31m[1m^[22m[39m[31m[1m^[22m[39m[31m[1m^[22m[39m[31m[1m^[22m[39m[31m[1m^[22m[39m[31m[1m^[22m[39m[31m[1m^[22m[39m[31m[1m^[22m[39m[31m[1m^[22m[39m[31m[1m^[22m[39m[31m[1m^[22m[39m[31m[1m^[22m[39m[31m[1m^[22m[39m[31m[1m^[22m[39m[31m[1m^[22m[39m[31m[1m^[22m[39m[31m[1m^[22m[39m[31m[1m^[22m[39m[31m[1m^[22m[39m[31m[1m^[22m[39m[31m[1m^[22m[39m[31m[1m^[22m[39m[31m[1m^[22m[39m[31m[1m^[22m[39m[31m[1m^[22m[39m[31m[1m^[22m[39m[31m[1m^[22m[39m[31m[1m^[22m[39m
 [90m 26 |[39m [36mimport[39m { [33mSupabaseSiteRepository[39m } [36mfrom[39m [32m'@/modules/SiteManagement/infrastructure/SupabaseSiteRepository'[39m
 [90m 27 |[39m [36mimport[39m { [33mInMemoryEventBus[39m } [36mfrom[39m [32m'@/shared/infrastructure/eventBus/InMemoryEventBus'[39m
 [90m 28 |[39m [36mimport[39m { [33mSupabaseContext[39m } [36mfrom[39m [32m'@/shared/infrastructure/database/SupabaseContext'[39m[0m

The export UpdateSiteCommand was not found in module [project]/src/modules/SiteManagement/application/commands/UpdateSiteCommand.ts [app-route] (ecmascript).
Did you mean to import UpdateSiteCommandHandler?
All exports of the module are statically known (It doesn't have dynamic exports). So it's known statically that the requested export doesn't exist.

Import trace:
  App Route:
    ./app/api/v1/sites/[id]/route.ts
    ./node_modules/@sentry/nextjs/build/cjs/config/withSentryConfig.js
    ./node_modules/@sentry/nextjs/build/cjs/index.server.js
    ./app/api/admin/sites/[id]/reservations/route.ts


    at <unknown> (./app/api/v1/properties/[propertyId]/sites/bulk/route.ts:23:1)
    at <unknown> (./app/api/v1/properties/[propertyId]/sites/route.ts:34:1)
    at <unknown> (./app/api/v1/financial/deposits/[id]/release/route.ts:10:1)
    at <unknown> (./app/api/v1/financial/deposits/route.ts:10:1)
    at <unknown> (./app/api/v1/financial/invoices/[id]/route.ts:10:1)
    at <unknown> (./app/api/v1/financial/invoices/route.ts:10:1)
    at <unknown> (./app/api/v1/financial/reservations/[id]/balance/route.ts:10:1)
    at <unknown> (./app/api/v1/financial/transactions/[id]/route.ts:10:1)
    at <unknown> (./app/api/v1/financial/transactions/route.ts:10:1)
    at <unknown> (./app/api/v1/guests/[id]/route.ts:16:1)
    at <unknown> (./app/api/v1/guests/[id]/stripe/route.ts:15:1)
    at <unknown> (./app/api/v1/properties/[propertyId]/complete-onboarding/route.ts:17:1)
    at <unknown> (./app/api/v1/properties/[propertyId]/guests/route.ts:17:1)
    at <unknown> (./app/api/v1/properties/[propertyId]/reservations/route.ts:14:1)
    at <unknown> (./app/api/v1/properties/[propertyId]/route.ts:18:1)
    at <unknown> (./app/api/v1/properties/[propertyId]/sites/bulk/route.ts:21:1)
    at <unknown> (./app/api/v1/properties/[propertyId]/sites/route.ts:26:1)
    at <unknown> (./app/api/v1/properties/[propertyId]/stripe-account/route.ts:16:1)
    at <unknown> (./app/api/v1/properties/[propertyId]/wizard-progress/route.ts:17:1)
    at <unknown> (./app/api/v1/properties/route.ts:30:1)
    at <unknown> (./app/api/v1/reservations/[id]/cancel/route.ts:12:1)
    at <unknown> (./app/api/v1/reservations/[id]/check-in/route.ts:12:1)
    at <unknown> (./app/api/v1/reservations/[id]/check-out/route.ts:12:1)
    at <unknown> (./app/api/v1/reservations/[id]/confirm/route.ts:12:1)
    at <unknown> (./app/api/v1/reservations/[id]/payment/route.ts:12:1)
    at <unknown> (./app/api/v1/reservations/[id]/route.ts:12:1)
    at <unknown> (./app/api/v1/sites/[id]/route.ts:19:1)
    at <unknown> (./app/api/v1/sites/[siteId]/availability/route.ts:12:1)
    at <unknown> (./app/api/v1/sites/[id]/route.ts:24:1)
    at <unknown> (./app/api/v1/properties/[propertyId]/sites/route.ts:33:1)
    at <unknown> (./app/api/v1/sites/[id]/route.ts:25:1)
